Archive member included to satisfy reference by file (symbol)

/Users/ulysse/Desktop/kirikou/nflib/lib/libnflib.a(nf_2d.o)
                              main.o (NF_Set2D)
/Users/ulysse/Desktop/kirikou/nflib/lib/libnflib.a(nf_basic.o)
                              /Users/ulysse/Desktop/kirikou/nflib/lib/libnflib.a(nf_2d.o) (NF_Error)
/Users/ulysse/Desktop/kirikou/nflib/lib/libnflib.a(nf_colision.o)
                              main.o (NF_InitCmapBuffers)
/Users/ulysse/Desktop/kirikou/nflib/lib/libnflib.a(nf_sound.o)
                              main.o (NF_InitRawSoundBuffers)
/Users/ulysse/Desktop/kirikou/nflib/lib/libnflib.a(nf_sprite256.o)
                              main.o (NF_InitSpriteBuffers)
/Users/ulysse/Desktop/kirikou/nflib/lib/libnflib.a(nf_tiledbg.o)
                              main.o (NF_InitTiledBgBuffers)
/opt/devkitpro/libnds/lib/libfilesystem.a(nitrofs.o)
                              /Users/ulysse/Desktop/kirikou/nflib/lib/libnflib.a(nf_basic.o) (nitroFSInit)
/opt/devkitpro/libnds/lib/libfat.a(libfat.o)
                              /Users/ulysse/Desktop/kirikou/nflib/lib/libnflib.a(nf_basic.o) (fatInitDefault)
/opt/devkitpro/libnds/lib/libfat.a(disc.o)
                              /opt/devkitpro/libnds/lib/libfat.a(libfat.o) (_FAT_disc_interfaces)
/opt/devkitpro/libnds/lib/libfat.a(fatfile.o)
                              /opt/devkitpro/libnds/lib/libfat.a(libfat.o) (_FAT_open_r)
/opt/devkitpro/libnds/lib/libfat.a(cache.o)
                              /opt/devkitpro/libnds/lib/libfat.a(fatfile.o) (_FAT_cache_readSectors)
/opt/devkitpro/libnds/lib/libfat.a(fatdir.o)
                              /opt/devkitpro/libnds/lib/libfat.a(libfat.o) (_FAT_stat_r)
/opt/devkitpro/libnds/lib/libfat.a(directory.o)
                              /opt/devkitpro/libnds/lib/libfat.a(fatfile.o) (_FAT_directory_entryGetCluster)
/opt/devkitpro/libnds/lib/libfat.a(partition.o)
                              /opt/devkitpro/libnds/lib/libfat.a(libfat.o) (_FAT_partition_destructor)
/opt/devkitpro/libnds/lib/libfat.a(lock.o)
                              /opt/devkitpro/libnds/lib/libfat.a(partition.o) (_FAT_lock_init)
/opt/devkitpro/libnds/lib/libfat.a(filetime.o)
                              /opt/devkitpro/libnds/lib/libfat.a(fatfile.o) (_FAT_filetime_getTimeFromRTC)
/opt/devkitpro/libnds/lib/libfat.a(file_allocation_table.o)
                              /opt/devkitpro/libnds/lib/libfat.a(fatfile.o) (_FAT_fat_nextCluster)
/opt/devkitpro/libnds/lib/libnds9.a(video.o)
                              /Users/ulysse/Desktop/kirikou/nflib/lib/libnflib.a(nf_basic.o) (setBrightness)
/opt/devkitpro/libnds/lib/libnds9.a(touch.o)
                              main.o (touchRead)
/opt/devkitpro/libnds/lib/libnds9.a(console.o)
                              /Users/ulysse/Desktop/kirikou/nflib/lib/libnflib.a(nf_basic.o) (consoleDemoInit)
/opt/devkitpro/libnds/lib/libnds9.a(sprite.o)
                              /Users/ulysse/Desktop/kirikou/nflib/lib/libnflib.a(nf_sprite256.o) (oamInit)
/opt/devkitpro/libnds/lib/libnds9.a(sound.o)
                              main.o (soundEnable)
/opt/devkitpro/libnds/lib/libnds9.a(keys.o)
                              main.o (scanKeys)
/opt/devkitpro/libnds/lib/libnds9.a(dldi.o)
                              /opt/devkitpro/libnds/lib/libfat.a(disc.o) (dldiGetInternal)
/opt/devkitpro/libnds/lib/libnds9.a(initSystem.o)
                              /opt/devkitpro/devkitARM/bin/../lib/gcc/arm-none-eabi/11.1.0/../../../../arm-none-eabi/lib/thumb/ds_arm9_crt0.o (initSystem)
/opt/devkitpro/libnds/lib/libnds9.a(timeSupport.o)
                              /opt/devkitpro/libnds/lib/libnds9.a(initSystem.o) (__libnds_gtod)
/opt/devkitpro/libnds/lib/libnds9.a(securearea.o)
                              /opt/devkitpro/devkitARM/bin/../lib/gcc/arm-none-eabi/11.1.0/../../../../arm-none-eabi/lib/thumb/ds_arm9_crt0.o (__secure_area__)
/opt/devkitpro/libnds/lib/libnds9.a(interrupts.o)
                              /opt/devkitpro/libnds/lib/libnds9.a(initSystem.o) (irqInit)
/opt/devkitpro/libnds/lib/libnds9.a(libnds_exit.arm.o)
                              /opt/devkitpro/devkitARM/bin/../lib/gcc/arm-none-eabi/11.1.0/../../../../arm-none-eabi/lib/thumb/ds_arm9_crt0.o (__libnds_exit)
/opt/devkitpro/libnds/lib/libnds9.a(card.o)
                              /opt/devkitpro/libnds/lib/libfilesystem.a(nitrofs.o) (cardParamCommand)
/opt/devkitpro/libnds/lib/libnds9.a(fifosystem.o)
                              /opt/devkitpro/libnds/lib/libnds9.a(initSystem.o) (fifoSetValue32Handler)
/opt/devkitpro/libnds/lib/libnds9.a(dcache.o)
                              /Users/ulysse/Desktop/kirikou/nflib/lib/libnflib.a(nf_basic.o) (DC_FlushRange)
/opt/devkitpro/libnds/lib/libnds9.a(dldi_stub.o)
                              /opt/devkitpro/libnds/lib/libnds9.a(dldi.o) (_io_dldi_stub)
/opt/devkitpro/libnds/lib/libnds9.a(mpu_setup.o)
[...]
Memory Configuration

Name             Origin             Length             Attributes
ewram            0x0000000002000000 0x0000000000380000
dtcm             0x0000000002ff0000 0x0000000000004000
vectors          0x0000000001000000 0x0000000000000100
itcm             0x0000000001000100 0x0000000000007f00
*default*        0x0000000000000000 0xffffffffffffffff

Linker script and memory map

                0x0000000002380000                __ewram_end = (ORIGIN (ewram) + LENGTH (ewram))
                0x0000000002380000                __eheap_end = (ORIGIN (ewram) + LENGTH (ewram))
                0x0000000002ff4000                __dtcm_top = (ORIGIN (dtcm) + LENGTH (dtcm))
                0x0000000002ff3ff8                __irq_flags = (__dtcm_top - 0x8)
                0x0000000002ff3ffc                __irq_vector = (__dtcm_top - 0x4)
                0x0000000002ff3f00                __sp_svc = (__dtcm_top - 0x100)
                0x0000000002ff3e00                __sp_irq = (__sp_svc - 0x100)
                0x0000000002ff3d00                __sp_usr = (__sp_irq - 0x100)

.secure         0x0000000002000000      0x800
 *(.secure)
 .secure        0x0000000002000000      0x800 /opt/devkitpro/libnds/lib/libnds9.a(securearea.o)
                0x0000000002000000                __secure_area__

.crt0           0x0000000002000800      0x300
                0x0000000002000800                __text_start = .
 *(.crt0)
 .crt0          0x0000000002000800      0x300 /opt/devkitpro/devkitARM/bin/../lib/gcc/arm-none-eabi/11.1.0/../../../../arm-none-eabi/lib/thumb/ds_arm9_crt0.o
                0x0000000002000800                _start
                0x0000000002000b00                . = ALIGN (0x4)

.plt
 *(.plt)

.init           0x0000000002000b00        0xc
 *(SORT_NONE(.init))
 .init          0x0000000002000b00        0x4 /opt/devkitpro/devkitARM/bin/../lib/gcc/arm-none-eabi/11.1.0/thumb/crti.o
                0x0000000002000b00                _init
 .init          0x0000000002000b04        0x8 /opt/devkitpro/devkitARM/bin/../lib/gcc/arm-none-eabi/11.1.0/thumb/crtn.o

.text           0x0000000002000b40    0x1e9f0
 *(EXCLUDE_FILE(*.twl* *.vectors* *.itcm*) .text)
 .text          0x0000000002000b40      0xe9c main.o
                0x0000000002000b40                level2
                0x0000000002000d24                level3
                0x0000000002000f10                level4
                0x0000000002000fa8                end
                0x0000000002001014                sound
                0x0000000002001148                loadsprite
                0x000000000200118c                kirikou
                0x0000000002001658                showsprite
                0x0000000002001684                createbg
                0x00000000020016b0                level1
                0x0000000002001800                deletesprite
                0x0000000002001810                loadsounds
                0x00000000020018f4                title
                0x00000000020019b0                levelcol
 .text          0x00000000020019dc      0x874 /Users/ulysse/Desktop/kirikou/nflib/lib/libnflib.a(nf_2d.o)
                0x00000000020019dc                NF_Set2D
                0x0000000002001a44                NF_ShowBg
                0x0000000002001ac0                NF_HideBg
                0x0000000002001b64                NF_ScrollBg
                0x0000000002001eb4                NF_MoveSprite
                0x0000000002001ed4                NF_SpriteLayer
                0x0000000002001ef0                NF_ShowSprite
                0x0000000002001f10                NF_HflipSprite
                0x0000000002001f2c                NF_GetSpriteHflip
                0x0000000002001f48                NF_VflipSprite
                0x0000000002001f64                NF_GetSpriteVflip
                0x0000000002001f80                NF_SpriteFrame
                0x0000000002002050                NF_EnableSpriteRotScale
                0x00000000020020e4                NF_DisableSpriteRotScale
                0x0000000002002158                NF_SpriteRotScale
 .text          0x0000000002002250      0x4a0 /Users/ulysse/Desktop/kirikou/nflib/lib/libnflib.a(nf_basic.o)
                0x0000000002002250                NF_Error
                0x00000000020024fc                NF_SetRootFolder
                0x0000000002002654                NF_DmaMemCopy
                0x00000000020026e0                NF_GetLanguage
 .text          0x00000000020026f0      0x474 /Users/ulysse/Desktop/kirikou/nflib/lib/libnflib.a(nf_colision.o)
                0x00000000020026f0                NF_InitCmapBuffers
                0x0000000002002720                NF_ResetCmapBuffers
                0x0000000002002768                NF_LoadColisionMap
                0x0000000002002850                NF_UnloadColisionMap
                0x0000000002002894                NF_GetTile
                0x00000000020028e0                NF_SetTile
                0x0000000002002924                NF_LoadColisionBg
                0x0000000002002a94                NF_UnloadColisionBg
                0x0000000002002ae0                NF_GetPoint
 .text          0x0000000002002b64      0x294 /Users/ulysse/Desktop/kirikou/nflib/lib/libnflib.a(nf_sound.o)
                0x0000000002002b64                NF_InitRawSoundBuffers
                0x0000000002002b90                NF_ResetRawSoundBuffers
                0x0000000002002bc8                NF_LoadRawSound
                0x0000000002002d08                NF_UnloadRawSound
                0x0000000002002d78                NF_PlayRawSound
 .text          0x0000000002002df8     0x13b4 /Users/ulysse/Desktop/kirikou/nflib/lib/libnflib.a(nf_sprite256.o)
                0x0000000002002df8                NF_InitSpriteBuffers
                0x0000000002002e44                NF_ResetSpriteBuffers
                0x0000000002002e78                NF_InitSpriteSys
                0x0000000002003088                NF_LoadSpriteGfx
                0x0000000002003198                NF_UnloadSpriteGfx
                0x0000000002003208                NF_LoadSpritePal
                0x0000000002003304                NF_UnloadSpritePal
                0x0000000002003354                NF_VramSpriteGfx
                0x00000000020036ac                NF_VramSpriteGfxDefrag
                0x00000000020038b0                NF_FreeSpriteGfx
                0x00000000020039b0                NF_VramSpritePal
                0x0000000002003a84                NF_CreateSprite
                0x0000000002003e24                NF_DeleteSprite
                0x0000000002003ec4                NF_SpriteOamSet
                0x0000000002003f9c                NF_SpriteSetPalColor
                0x0000000002004034                NF_SpriteEditPalColor
                0x00000000020040b0                NF_SpriteUpdatePalette
                0x0000000002004140                NF_SpriteGetPalColor
 .text          0x00000000020041ac     0x19fc /Users/ulysse/Desktop/kirikou/nflib/lib/libnflib.a(nf_tiledbg.o)
                0x00000000020041ac                NF_InitTiledBgBuffers
                0x0000000002004248                NF_ResetTiledBgBuffers
                0x00000000020042ac                NF_InitTiledBgSys
                0x00000000020043dc                NF_LoadTiledBg
                0x000000000200465c                NF_LoadTilesForBg
                0x00000000020048d8                NF_UnloadTiledBg
                0x0000000002004990                NF_DeleteTiledBg
                0x0000000002004b38                NF_CreateTiledBg
                0x0000000002005160                NF_GetTileMapAddress
                0x000000000200521c                NF_GetTileOfMap
                0x0000000002005254                NF_SetTileOfMap
                0x0000000002005298                NF_UpdateVramMap
                0x00000000020053b8                NF_BgSetPalColor
                0x0000000002005468                NF_BgEditPalColor
                0x000000000200550c                NF_BgUpdatePalette
                0x00000000020055cc                NF_BgGetPalColor
                0x0000000002005664                NF_GetTilePal
                0x0000000002005698                NF_SetTilePal
                0x00000000020056e0                NF_LoadExBgPal
                0x00000000020057cc                NF_UnloadExBgPal
                0x000000000200581c                NF_VramExBgPal
                0x00000000020058d0                NF_SetExBgPal
                0x0000000002005990                NF_SetTileHflip
                0x00000000020059cc                NF_SetTileVflip
                0x0000000002005a08                NF_RotateTileGfx
 *fill*         0x0000000002005ba8       0x18 ff
 .text          0x0000000002005bc0     0x4000 /opt/devkitpro/libnds/lib/libnds9.a(dldi_stub.o)
                0x0000000002005bc0                _io_dldi_stub
 .text          0x0000000002009bc0      0x11c /opt/devkitpro/devkitARM/bin/../lib/gcc/arm-none-eabi/11.1.0/thumb/libgcc.a(_udivsi3.o)
                0x0000000002009bc0                __udivsi3
                0x0000000002009bc0                __aeabi_uidiv
                0x0000000002009cbc                __aeabi_uidivmod
 .text          0x0000000002009cdc      0x150 /opt/devkitpro/devkitARM/bin/../lib/gcc/arm-none-eabi/11.1.0/thumb/libgcc.a(_divsi3.o)
                0x0000000002009cdc                __aeabi_idiv
                0x0000000002009cdc                __divsi3
                0x0000000002009e0c                __aeabi_idivmod
 .text          0x0000000002009e2c        0x4 /opt/devkitpro/devkitARM/bin/../lib/gcc/arm-none-eabi/11.1.0/thumb/libgcc.a(_dvmd_tls.o)
                0x0000000002009e2c                __aeabi_ldiv0
                0x0000000002009e2c                __aeabi_idiv0
 .text          0x0000000002009e30       0xd4 /opt/devkitpro/devkitARM/bin/../lib/gcc/arm-none-eabi/11.1.0/thumb/libgcc.a(_aeabi_ldivmod.o)
                0x0000000002009e30                __aeabi_ldivmod
 .text          0x0000000002009f04       0x28 /opt/devkitpro/devkitARM/bin/../lib/gcc/arm-none-eabi/11.1.0/thumb/libgcc.a(_clzdi2.o)
                0x0000000002009f04                __clzdi2
 .text          0x0000000002009f2c       0x48 /opt/devkitpro/devkitARM/bin/../lib/gcc/arm-none-eabi/11.1.0/thumb/libgcc.a(_clzsi2.o)
                0x0000000002009f2c                __clzsi2
 .text          0x0000000002009f74      0x224 /opt/devkitpro/devkitARM/bin/../lib/gcc/arm-none-eabi/11.1.0/../../../../arm-none-eabi/lib/thumb/libg.a(lib_a-strcmp.o)
                0x0000000002009f74                strcmp
 .text          0x000000000200a198       0x14 /opt/devkitpro/devkitARM/bin/../lib/gcc/arm-none-eabi/11.1.0/thumb/libgcc.a(_thumb1_case_uqi.o)
                0x000000000200a198                __gnu_thumb1_case_uqi
 .text          0x000000000200a1ac       0x14 /opt/devkitpro/devkitARM/bin/../lib/gcc/arm-none-eabi/11.1.0/thumb/libgcc.a(_thumb1_case_uhi.o)
                0x000000000200a1ac                __gnu_thumb1_case_uhi
 .text          0x000000000200a1c0      0x424 /opt/devkitpro/devkitARM/bin/../lib/gcc/arm-none-eabi/11.1.0/thumb/libgcc.a(_arm_addsubdf3.o)
                0x000000000200a1c0                __aeabi_drsub
                0x000000000200a1c8                __subdf3
                0x000000000200a1c8                __aeabi_dsub
                0x000000000200a1cc                __aeabi_dadd
                0x000000000200a1cc                __adddf3
                0x000000000200a4dc                __aeabi_ui2d
                0x000000000200a4dc                __floatunsidf
                0x000000000200a500                __floatsidf
                0x000000000200a500                __aeabi_i2d
                0x000000000200a528                __extendsfdf2
                0x000000000200a528                __aeabi_f2d
                0x000000000200a570                __aeabi_ul2d
                0x000000000200a570                __floatundidf
                0x000000000200a584                __aeabi_l2d
                0x000000000200a584                __floatdidf
 .text          0x000000000200a5e4      0x49c /opt/devkitpro/devkitARM/bin/../lib/gcc/arm-none-eabi/11.1.0/thumb/libgcc.a(_arm_muldivdf3.o)
                0x000000000200a5e4                __aeabi_dmul
                0x000000000200a5e4                __muldf3
                0x000000000200a874                __aeabi_ddiv
                0x000000000200a874                __divdf3
 .text          0x000000000200aa80      0x144 /opt/devkitpro/devkitARM/bin/../lib/gcc/arm-none-eabi/11.1.0/thumb/libgcc.a(_arm_cmpdf2.o)
                0x000000000200aa80                __gedf2
                0x000000000200aa80                __gtdf2
                0x000000000200aa88                __ledf2
                0x000000000200aa88                __ltdf2
                0x000000000200aa90                __cmpdf2
                0x000000000200aa90                __eqdf2
                0x000000000200aa90                __nedf2
                0x000000000200ab18                __aeabi_cdrcmple
                0x000000000200ab34                __aeabi_cdcmple
                0x000000000200ab34                __aeabi_cdcmpeq
                0x000000000200ab4c                __aeabi_dcmpeq
                0x000000000200ab64                __aeabi_dcmplt
                0x000000000200ab7c                __aeabi_dcmple
                0x000000000200ab94                __aeabi_dcmpge
                0x000000000200abac                __aeabi_dcmpgt
 .text          0x000000000200abc4       0x38 /opt/devkitpro/devkitARM/bin/../lib/gcc/arm-none-eabi/11.1.0/thumb/libgcc.a(_arm_unorddf2.o)
                0x000000000200abc4                __aeabi_dcmpun
                0x000000000200abc4                __unorddf2
 .text          0x000000000200abfc       0x5c /opt/devkitpro/devkitARM/bin/../lib/gcc/arm-none-eabi/11.1.0/thumb/libgcc.a(_arm_fixdfsi.o)
                0x000000000200abfc                __fixdfsi
                0x000000000200abfc                __aeabi_d2iz
 .text          0x000000000200ac58       0x3c /opt/devkitpro/devkitARM/bin/../lib/gcc/arm-none-eabi/11.1.0/thumb/libgcc.a(_aeabi_uldivmod.o)
                0x000000000200ac58                __aeabi_uldivmod
 *(EXCLUDE_FILE(*.twl* *.vectors* *.itcm*) .stub)
 *(EXCLUDE_FILE(*.twl* *.vectors* *.itcm*) .text.*)
 .text.__do_global_dtors_aux
                0x000000000200ac94       0x2c /opt/devkitpro/devkitARM/bin/../lib/gcc/arm-none-eabi/11.1.0/thumb/crtbegin.o
 .text.frame_dummy
                0x000000000200acc0       0x24 /opt/devkitpro/devkitARM/bin/../lib/gcc/arm-none-eabi/11.1.0/thumb/crtbegin.o
 .text.startup  0x000000000200ace4       0x3c main.o
                0x000000000200ace4                main
 .text.nitroFSDirClose
                0x000000000200ad20        0x4 /opt/devkitpro/libnds/lib/libfilesystem.a(nitrofs.o)
 .text.nitroFSSeek
                0x000000000200ad24       0x78 /opt/devkitpro/libnds/lib/libfilesystem.a(nitrofs.o)
 .text.nitroFSFstat
                0x000000000200ad9c       0x10 /opt/devkitpro/libnds/lib/libfilesystem.a(nitrofs.o)
 .text.nitroSubReadBlock
                0x000000000200adac       0x54 /opt/devkitpro/libnds/lib/libfilesystem.a(nitrofs.o)
 .text.nitroSubReadCard
                0x000000000200ae00       0xb0 /opt/devkitpro/libnds/lib/libfilesystem.a(nitrofs.o)
 .text.nitroFSClose
                0x000000000200aeb0        0x4 /opt/devkitpro/libnds/lib/libfilesystem.a(nitrofs.o)
 .text.nitroDirReset
                0x000000000200aeb4       0x9c /opt/devkitpro/libnds/lib/libfilesystem.a(nitrofs.o)
 .text.nitroFSRead
                0x000000000200af50       0xbc /opt/devkitpro/libnds/lib/libfilesystem.a(nitrofs.o)
 .text.nitroFSDirNext
                0x000000000200b00c      0x30c /opt/devkitpro/libnds/lib/libfilesystem.a(nitrofs.o)
 .text.nitroFSDirOpen
                0x000000000200b318       0xe0 /opt/devkitpro/libnds/lib/libfilesystem.a(nitrofs.o)
 .text.nitroFSChdir
                0x000000000200b3f8       0x30 /opt/devkitpro/libnds/lib/libfilesystem.a(nitrofs.o)
 .text.nitroFSOpen
                0x000000000200b428       0xc4 /opt/devkitpro/libnds/lib/libfilesystem.a(nitrofs.o)
 .text.nitroFSstat
                0x000000000200b4ec       0x68 /opt/devkitpro/libnds/lib/libfilesystem.a(nitrofs.o)
 .text.nitroFSInit
                0x000000000200b554      0x12c /opt/devkitpro/libnds/lib/libfilesystem.a(nitrofs.o)
                0x000000000200b554                nitroFSInit
 .text.fatMount.part.0
                0x000000000200b680       0xa0 /opt/devkitpro/libnds/lib/libfat.a(libfat.o)
 .text.fatMount
                0x000000000200b720       0x3c /opt/devkitpro/libnds/lib/libfat.a(libfat.o)
                0x000000000200b720                fatMount
 .text.fatInit  0x000000000200b75c      0x130 /opt/devkitpro/libnds/lib/libfat.a(libfat.o)
                0x000000000200b75c                fatInit
 .text.fatInitDefault
                0x000000000200b88c        0xc /opt/devkitpro/libnds/lib/libfat.a(libfat.o)
                0x000000000200b88c                fatInitDefault
 .text._FAT_check_position_for_next_cluster.part.0
                0x000000000200b898       0x68 /opt/devkitpro/libnds/lib/libfat.a(fatfile.o)
 .text._FAT_syncToDisc.part.0
                0x000000000200b900       0xd4 /opt/devkitpro/libnds/lib/libfat.a(fatfile.o)
 .text._FAT_file_extend_r
                0x000000000200b9d4      0x208 /opt/devkitpro/libnds/lib/libfat.a(fatfile.o)
 .text._FAT_open_r
                0x000000000200bbdc      0x2d4 /opt/devkitpro/libnds/lib/libfat.a(fatfile.o)
                0x000000000200bbdc                _FAT_open_r
 .text._FAT_close_r
                0x000000000200beb0       0x74 /opt/devkitpro/libnds/lib/libfat.a(fatfile.o)
                0x000000000200beb0                _FAT_close_r
 .text._FAT_read_r
                0x000000000200bf24      0x398 /opt/devkitpro/libnds/lib/libfat.a(fatfile.o)
                0x000000000200bf24                _FAT_read_r
 .text._FAT_write_r
                0x000000000200c2bc      0x53c /opt/devkitpro/libnds/lib/libfat.a(fatfile.o)
                0x000000000200c2bc                _FAT_write_r
 .text._FAT_seek_r
                0x000000000200c7f8      0x194 /opt/devkitpro/libnds/lib/libfat.a(fatfile.o)
                0x000000000200c7f8                _FAT_seek_r
 .text._FAT_fstat_r
                0x000000000200c98c       0x8c /opt/devkitpro/libnds/lib/libfat.a(fatfile.o)
                0x000000000200c98c                _FAT_fstat_r
 .text._FAT_ftruncate_r
                0x000000000200ca18      0x16c /opt/devkitpro/libnds/lib/libfat.a(fatfile.o)
                0x000000000200ca18                _FAT_ftruncate_r
 .text._FAT_fsync_r
                0x000000000200cb84       0x44 /opt/devkitpro/libnds/lib/libfat.a(fatfile.o)
                0x000000000200cb84                _FAT_fsync_r
 .text._FAT_cache_getPage
                0x000000000200cbc8       0xf0 /opt/devkitpro/libnds/lib/libfat.a(cache.o)
 .text._FAT_cache_constructor
                0x000000000200ccb8       0x90 /opt/devkitpro/libnds/lib/libfat.a(cache.o)
                0x000000000200ccb8                _FAT_cache_constructor
 .text._FAT_cache_readSectors
                0x000000000200cd48       0x60 /opt/devkitpro/libnds/lib/libfat.a(cache.o)
                0x000000000200cd48                _FAT_cache_readSectors
 .text._FAT_cache_readPartialSector
                0x000000000200cda8       0x3c /opt/devkitpro/libnds/lib/libfat.a(cache.o)
                0x000000000200cda8                _FAT_cache_readPartialSector
 .text._FAT_cache_readLittleEndianValue
                0x000000000200cde4       0x70 /opt/devkitpro/libnds/lib/libfat.a(cache.o)
                0x000000000200cde4                _FAT_cache_readLittleEndianValue
 .text._FAT_cache_writePartialSector
                0x000000000200ce54       0x4c /opt/devkitpro/libnds/lib/libfat.a(cache.o)
                0x000000000200ce54                _FAT_cache_writePartialSector
 .text._FAT_cache_writeLittleEndianValue
                0x000000000200cea0       0x8c /opt/devkitpro/libnds/lib/libfat.a(cache.o)
                0x000000000200cea0                _FAT_cache_writeLittleEndianValue
 .text._FAT_cache_eraseWritePartialSector
                0x000000000200cf2c       0x60 /opt/devkitpro/libnds/lib/libfat.a(cache.o)
                0x000000000200cf2c                _FAT_cache_eraseWritePartialSector
 .text._FAT_cache_writeSectors
                0x000000000200cf8c       0x80 /opt/devkitpro/libnds/lib/libfat.a(cache.o)
                0x000000000200cf8c                _FAT_cache_writeSectors
 .text._FAT_cache_flush
                0x000000000200d00c       0x40 /opt/devkitpro/libnds/lib/libfat.a(cache.o)
                0x000000000200d00c                _FAT_cache_flush
 .text._FAT_stat_r
                0x000000000200d04c       0x90 /opt/devkitpro/libnds/lib/libfat.a(fatdir.o)
                0x000000000200d04c                _FAT_stat_r
 .text._FAT_link_r
                0x000000000200d0dc        0xc /opt/devkitpro/libnds/lib/libfat.a(fatdir.o)
                0x000000000200d0dc                _FAT_link_r
 .text._FAT_unlink_r
                0x000000000200d0e8      0x184 /opt/devkitpro/libnds/lib/libfat.a(fatdir.o)
                0x000000000200d0e8                _FAT_unlink_r
 .text._FAT_chdir_r
                0x000000000200d26c       0x70 /opt/devkitpro/libnds/lib/libfat.a(fatdir.o)
                0x000000000200d26c                _FAT_chdir_r
 .text._FAT_rename_r
                0x000000000200d2dc      0x1c4 /opt/devkitpro/libnds/lib/libfat.a(fatdir.o)
                0x000000000200d2dc                _FAT_rename_r
 .text._FAT_mkdir_r
                0x000000000200d4a0      0x244 /opt/devkitpro/libnds/lib/libfat.a(fatdir.o)
                0x000000000200d4a0                _FAT_mkdir_r
 .text._FAT_statvfs_r
                0x000000000200d6e4       0x78 /opt/devkitpro/libnds/lib/libfat.a(fatdir.o)
                0x000000000200d6e4                _FAT_statvfs_r
 .text._FAT_diropen_r
                0x000000000200d75c       0xb0 /opt/devkitpro/libnds/lib/libfat.a(fatdir.o)
                0x000000000200d75c                _FAT_diropen_r
 .text._FAT_dirreset_r
                0x000000000200d80c       0x4c /opt/devkitpro/libnds/lib/libfat.a(fatdir.o)
                0x000000000200d80c                _FAT_dirreset_r
 .text._FAT_dirnext_r
                0x000000000200d858       0x7c /opt/devkitpro/libnds/lib/libfat.a(fatdir.o)
                0x000000000200d858                _FAT_dirnext_r
 .text._FAT_dirclose_r
                0x000000000200d8d4       0x20 /opt/devkitpro/libnds/lib/libfat.a(fatdir.o)
                0x000000000200d8d4                _FAT_dirclose_r
 .text._FAT_directory_entryGetAlias
                0x000000000200d8f4       0xc8 /opt/devkitpro/libnds/lib/libfat.a(directory.o)
 .text._FAT_directory_incrementDirEntryPosition
                0x000000000200d9bc       0x80 /opt/devkitpro/libnds/lib/libfat.a(directory.o)
 .text._FAT_directory_mbsncasecmp
                0x000000000200da3c       0xa8 /opt/devkitpro/libnds/lib/libfat.a(directory.o)
 .text._FAT_directory_ucs2tombs.constprop.0
                0x000000000200dae4       0x90 /opt/devkitpro/libnds/lib/libfat.a(directory.o)
 .text._FAT_directory_entryGetCluster
                0x000000000200db74       0x20 /opt/devkitpro/libnds/lib/libfat.a(directory.o)
                0x000000000200db74                _FAT_directory_entryGetCluster
 .text._FAT_directory_getNextEntry
                0x000000000200db94      0x23c /opt/devkitpro/libnds/lib/libfat.a(directory.o)
                0x000000000200db94                _FAT_directory_getNextEntry
 .text._FAT_directory_entryExists
                0x000000000200ddd0       0x80 /opt/devkitpro/libnds/lib/libfat.a(directory.o)
 .text._FAT_directory_getFirstEntry
                0x000000000200de50       0x20 /opt/devkitpro/libnds/lib/libfat.a(directory.o)
                0x000000000200de50                _FAT_directory_getFirstEntry
 .text._FAT_directory_getRootEntry
                0x000000000200de70       0x60 /opt/devkitpro/libnds/lib/libfat.a(directory.o)
                0x000000000200de70                _FAT_directory_getRootEntry
 .text._FAT_directory_entryFromPosition
                0x000000000200ded0      0x150 /opt/devkitpro/libnds/lib/libfat.a(directory.o)
                0x000000000200ded0                _FAT_directory_entryFromPosition
 .text._FAT_directory_entryFromPath
                0x000000000200e020      0x248 /opt/devkitpro/libnds/lib/libfat.a(directory.o)
                0x000000000200e020                _FAT_directory_entryFromPath
 .text._FAT_directory_removeEntry
                0x000000000200e268       0xd8 /opt/devkitpro/libnds/lib/libfat.a(directory.o)
                0x000000000200e268                _FAT_directory_removeEntry
 .text._FAT_directory_addEntry
                0x000000000200e340      0x808 /opt/devkitpro/libnds/lib/libfat.a(directory.o)
                0x000000000200e340                _FAT_directory_addEntry
 .text._FAT_directory_chdir
                0x000000000200eb48       0x3c /opt/devkitpro/libnds/lib/libfat.a(directory.o)
                0x000000000200eb48                _FAT_directory_chdir
 .text._FAT_directory_entryStat
                0x000000000200eb84       0xe4 /opt/devkitpro/libnds/lib/libfat.a(directory.o)
                0x000000000200eb84                _FAT_directory_entryStat
 .text.isValidMBR
                0x000000000200ec68       0x5c /opt/devkitpro/libnds/lib/libfat.a(partition.o)
 .text._FAT_updateFS_INFO
                0x000000000200ecc4       0x54 /opt/devkitpro/libnds/lib/libfat.a(partition.o)
 .text.FindFirstValidPartition_buf.part.0
                0x000000000200ed18      0x11c /opt/devkitpro/libnds/lib/libfat.a(partition.o)
 .text._FAT_partition_getPartitionFromPath
                0x000000000200ee34       0x10 /opt/devkitpro/libnds/lib/libfat.a(partition.o)
                0x000000000200ee34                _FAT_partition_getPartitionFromPath
 .text._FAT_partition_createFSinfo
                0x000000000200ee44       0x50 /opt/devkitpro/libnds/lib/libfat.a(partition.o)
                0x000000000200ee44                _FAT_partition_createFSinfo
 .text._FAT_partition_readFSinfo.part.0
                0x000000000200ee94       0x74 /opt/devkitpro/libnds/lib/libfat.a(partition.o)
 .text._FAT_partition_constructor_buf
                0x000000000200ef08      0x2e8 /opt/devkitpro/libnds/lib/libfat.a(partition.o)
                0x000000000200ef08                _FAT_partition_constructor_buf
 .text._FAT_partition_constructor
                0x000000000200f1f0       0x40 /opt/devkitpro/libnds/lib/libfat.a(partition.o)
                0x000000000200f1f0                _FAT_partition_constructor
 .text._FAT_partition_readFSinfo
                0x000000000200f230       0x10 /opt/devkitpro/libnds/lib/libfat.a(partition.o)
                0x000000000200f230                _FAT_partition_readFSinfo
 .text._FAT_lock_init
                0x000000000200f240        0x4 /opt/devkitpro/libnds/lib/libfat.a(lock.o)
                0x000000000200f240                _FAT_lock_init
 .text._FAT_lock
                0x000000000200f244        0x4 /opt/devkitpro/libnds/lib/libfat.a(lock.o)
                0x000000000200f244                _FAT_lock
 .text._FAT_unlock
                0x000000000200f248        0x4 /opt/devkitpro/libnds/lib/libfat.a(lock.o)
                0x000000000200f248                _FAT_unlock
 .text._FAT_filetime_getTimeFromRTC
                0x000000000200f24c       0x44 /opt/devkitpro/libnds/lib/libfat.a(filetime.o)
                0x000000000200f24c                _FAT_filetime_getTimeFromRTC
 .text._FAT_filetime_getDateFromRTC
                0x000000000200f290       0x44 /opt/devkitpro/libnds/lib/libfat.a(filetime.o)
                0x000000000200f290                _FAT_filetime_getDateFromRTC
 .text._FAT_filetime_to_time_t
                0x000000000200f2d4       0x38 /opt/devkitpro/libnds/lib/libfat.a(filetime.o)
                0x000000000200f2d4                _FAT_filetime_to_time_t
 .text._FAT_fat_writeFatEntry.part.0.isra.0
                0x000000000200f30c      0x12c /opt/devkitpro/libnds/lib/libfat.a(file_allocation_table.o)
 .text._FAT_fat_nextCluster
                0x000000000200f438      0x108 /opt/devkitpro/libnds/lib/libfat.a(file_allocation_table.o)
                0x000000000200f438                _FAT_fat_nextCluster
 .text._FAT_fat_linkFreeCluster
                0x000000000200f540       0xac /opt/devkitpro/libnds/lib/libfat.a(file_allocation_table.o)
                0x000000000200f540                _FAT_fat_linkFreeCluster
 .text._FAT_fat_linkFreeClusterCleared
                0x000000000200f5ec       0x68 /opt/devkitpro/libnds/lib/libfat.a(file_allocation_table.o)
                0x000000000200f5ec                _FAT_fat_linkFreeClusterCleared
 .text._FAT_fat_clearLinks
                0x000000000200f654       0x7c /opt/devkitpro/libnds/lib/libfat.a(file_allocation_table.o)
                0x000000000200f654                _FAT_fat_clearLinks
 .text._FAT_fat_trimChain
                0x000000000200f6d0       0x80 /opt/devkitpro/libnds/lib/libfat.a(file_allocation_table.o)
                0x000000000200f6d0                _FAT_fat_trimChain
 .text._FAT_fat_lastCluster
                0x000000000200f750       0x34 /opt/devkitpro/libnds/lib/libfat.a(file_allocation_table.o)
                0x000000000200f750                _FAT_fat_lastCluster
 .text._FAT_fat_freeClusterCount
                0x000000000200f784       0x2c /opt/devkitpro/libnds/lib/libfat.a(file_allocation_table.o)
                0x000000000200f784                _FAT_fat_freeClusterCount
 .text.setBrightness
                0x000000000200f7b0       0x40 /opt/devkitpro/libnds/lib/libnds9.a(video.o)
                0x000000000200f7b0                setBrightness
 .text.vramDefault
                0x000000000200f7f0       0xd0 /opt/devkitpro/libnds/lib/libnds9.a(video.o)
                0x000000000200f7f0                vramDefault
 .text.touchRead
                0x000000000200f8c0       0x24 /opt/devkitpro/libnds/lib/libnds9.a(touch.o)
                0x000000000200f8c0                touchRead
 .text.newRow   0x000000000200f8e4       0xb0 /opt/devkitpro/libnds/lib/libnds9.a(console.o)
 .text.consolePrintChar
                0x000000000200f994       0xec /opt/devkitpro/libnds/lib/libnds9.a(console.o)
                0x000000000200f994                consolePrintChar
 .text.con_write
                0x000000000200fa80      0x374 /opt/devkitpro/libnds/lib/libnds9.a(console.o)
                0x000000000200fa80                con_write
 .text.consoleLoadFont
                0x000000000200fdf4      0x2a8 /opt/devkitpro/libnds/lib/libnds9.a(console.o)
                0x000000000200fdf4                consoleLoadFont
 .text.consoleInit
                0x000000000201009c      0x194 /opt/devkitpro/libnds/lib/libnds9.a(console.o)
                0x000000000201009c                consoleInit
 .text.consoleDemoInit
                0x0000000002010230       0x40 /opt/devkitpro/libnds/lib/libnds9.a(console.o)
                0x0000000002010230                consoleDemoInit
 .text.consoleClear
                0x0000000002010270       0x10 /opt/devkitpro/libnds/lib/libnds9.a(console.o)
                0x0000000002010270                consoleClear
 .text.oamInit  0x0000000002010280      0x118 /opt/devkitpro/libnds/lib/libnds9.a(sprite.o)
                0x0000000002010280                oamInit
 .text.oamGfxPtrToOffset
                0x0000000002010398       0x34 /opt/devkitpro/libnds/lib/libnds9.a(sprite.o)
                0x0000000002010398                oamGfxPtrToOffset
 .text.oamSet   0x00000000020103cc      0x11c /opt/devkitpro/libnds/lib/libnds9.a(sprite.o)
                0x00000000020103cc                oamSet
 .text.oamUpdate
                0x00000000020104e8       0x60 /opt/devkitpro/libnds/lib/libnds9.a(sprite.o)
                0x00000000020104e8                oamUpdate
 .text.oamRotateScale
                0x0000000002010548       0x4c /opt/devkitpro/libnds/lib/libnds9.a(sprite.o)
                0x0000000002010548                oamRotateScale
 .text.soundEnable
                0x0000000002010594       0x10 /opt/devkitpro/libnds/lib/libnds9.a(sound.o)
                0x0000000002010594                soundEnable
 .text.soundPlaySample
                0x00000000020105a4       0x68 /opt/devkitpro/libnds/lib/libnds9.a(sound.o)
                0x00000000020105a4                soundPlaySample
 .text.soundKill
                0x000000000201060c       0x14 /opt/devkitpro/libnds/lib/libnds9.a(sound.o)
                0x000000000201060c                soundKill
 .text.scanKeys
                0x0000000002010620       0x8c /opt/devkitpro/libnds/lib/libnds9.a(keys.o)
                0x0000000002010620                scanKeys
 .text.keysHeld
                0x00000000020106ac        0xc /opt/devkitpro/libnds/lib/libnds9.a(keys.o)
                0x00000000020106ac                keysHeld
 .text.keysDown
                0x00000000020106b8       0x14 /opt/devkitpro/libnds/lib/libnds9.a(keys.o)
                0x00000000020106b8                keysDown
 .text.dldiGetInternal
                0x00000000020106cc       0x34 /opt/devkitpro/libnds/lib/libnds9.a(dldi.o)
                0x00000000020106cc                dldiGetInternal
 .text.get_io_dsisd
                0x0000000002010700       0x24 /opt/devkitpro/libnds/lib/libnds9.a(dldi.o)
                0x0000000002010700                get_io_dsisd
 .text.initSystem
                0x0000000002010724      0x198 /opt/devkitpro/libnds/lib/libnds9.a(initSystem.o)
                0x0000000002010724                initSystem
 .text.__libnds_gtod
                0x00000000020108bc       0x28 /opt/devkitpro/libnds/lib/libnds9.a(timeSupport.o)
                0x00000000020108bc                __libnds_gtod
 .text.irqDummy
                0x00000000020108e4        0x4 /opt/devkitpro/libnds/lib/libnds9.a(interrupts.o)
                0x00000000020108e4                irqDummy
 .text.irqSet   0x00000000020108e8       0x6c /opt/devkitpro/libnds/lib/libnds9.a(interrupts.o)
                0x00000000020108e8                irqSet
 .text.irqInit  0x0000000002010954       0x50 /opt/devkitpro/libnds/lib/libnds9.a(interrupts.o)
                0x0000000002010954                irqInit
 .text.irqEnable
                0x00000000020109a4       0x64 /opt/devkitpro/libnds/lib/libnds9.a(interrupts.o)
                0x00000000020109a4                irqEnable
 .text.systemErrorExit
                0x0000000002010a08        0x4 /opt/devkitpro/libnds/lib/libnds9.a(libnds_exit.arm.o)
                0x0000000002010a08                systemErrorExit
 .text.__libnds_exit
                0x0000000002010a0c       0x5c /opt/devkitpro/libnds/lib/libnds9.a(libnds_exit.arm.o)
                0x0000000002010a0c                __libnds_exit
 .text.cardPolledTransfer
                0x0000000002010a68       0x54 /opt/devkitpro/libnds/lib/libnds9.a(card.o)
                0x0000000002010a68                cardPolledTransfer
 .text.cardParamCommand
                0x0000000002010abc       0x34 /opt/devkitpro/libnds/lib/libnds9.a(card.o)
                0x0000000002010abc                cardParamCommand
 .text.fifo_queueBlock
                0x0000000002010af0       0x44 /opt/devkitpro/libnds/lib/libnds9.a(fifosystem.o)
 .text.fifo_waitBlock
                0x0000000002010b34       0x80 /opt/devkitpro/libnds/lib/libnds9.a(fifosystem.o)
 .text.fifoInternalSend.part.0
                0x0000000002010bb4       0xd4 /opt/devkitpro/libnds/lib/libnds9.a(fifosystem.o)
 .text.fifoInternalSendInterrupt
                0x0000000002010c88       0xa8 /opt/devkitpro/libnds/lib/libnds9.a(fifosystem.o)
 .text.fifoSetValue32Handler
                0x0000000002010d30       0xd8 /opt/devkitpro/libnds/lib/libnds9.a(fifosystem.o)
                0x0000000002010d30                fifoSetValue32Handler
 .text.fifoSendValue32
                0x0000000002010e08       0x4c /opt/devkitpro/libnds/lib/libnds9.a(fifosystem.o)
                0x0000000002010e08                fifoSendValue32
 .text.fifoSendDatamsg
                0x0000000002010e54       0x90 /opt/devkitpro/libnds/lib/libnds9.a(fifosystem.o)
                0x0000000002010e54                fifoSendDatamsg
 .text.fifoGetValue32
                0x0000000002010ee4       0x70 /opt/devkitpro/libnds/lib/libnds9.a(fifosystem.o)
                0x0000000002010ee4                fifoGetValue32
 .text.fifoGetDatamsg
                0x0000000002010f54       0xf4 /opt/devkitpro/libnds/lib/libnds9.a(fifosystem.o)
                0x0000000002010f54                fifoGetDatamsg
 .text.fifoInternalRecvInterrupt
                0x0000000002011048      0x380 /opt/devkitpro/libnds/lib/libnds9.a(fifosystem.o)
 .text.fifoSetDatamsgHandler
                0x00000000020113c8       0x9c /opt/devkitpro/libnds/lib/libnds9.a(fifosystem.o)
                0x00000000020113c8                fifoSetDatamsgHandler
 .text.fifoCheckValue32
                0x0000000002011464       0x24 /opt/devkitpro/libnds/lib/libnds9.a(fifosystem.o)
                0x0000000002011464                fifoCheckValue32
 .text.fifoInit
                0x0000000002011488       0xf8 /opt/devkitpro/libnds/lib/libnds9.a(fifosystem.o)
                0x0000000002011488                fifoInit
 .text.DC_FlushRange
                0x0000000002011580       0x24 /opt/devkitpro/libnds/lib/libnds9.a(dcache.o)
                0x0000000002011580                DC_FlushRange
 .text.DC_InvalidateRange
                0x00000000020115a4       0x2c /opt/devkitpro/libnds/lib/libnds9.a(dcache.o)
                0x00000000020115a4                DC_InvalidateRange
 .text.__libnds_mpu_setup
                0x00000000020115d0      0x174 /opt/devkitpro/libnds/lib/libnds9.a(mpu_setup.o)
                0x00000000020115d0                __libnds_mpu_setup
 .text.memUncached
                0x0000000002011744       0x20 /opt/devkitpro/libnds/lib/libnds9.a(mpu_setup.o)
                0x0000000002011744                memUncached
 .text.swiWaitForVBlank
                0x0000000002011764        0x8 /opt/devkitpro/libnds/lib/libnds9.a(IntrWait.o)
                0x0000000002011764                swiWaitForVBlank
 .text.swiIntrWait
                0x000000000201176c       0x70 /opt/devkitpro/libnds/lib/libnds9.a(IntrWait.o)
                0x000000000201176c                swiIntrWait
 .text.setCpuClock
                0x00000000020117dc       0x50 /opt/devkitpro/libnds/lib/libnds9.a(cpu_clock.o)
                0x00000000020117dc                setCpuClock
 .text.swiSoftReset
                0x000000000201182c       0x2c /opt/devkitpro/libnds/lib/libnds9.a(swiSoftReset.o)
                0x000000000201182c                swiSoftReset
 .text.swiDelay
                0x0000000002011858        0x4 /opt/devkitpro/libnds/lib/libnds9.a(biosCalls.o)
                0x0000000002011858                swiDelay
 .text.checkIfText
                0x000000000201185c       0x5c /opt/devkitpro/libnds/lib/libnds9.a(background.o)
                0x000000000201185c                checkIfText
 .text.bgUpdate
                0x00000000020118b8       0xf4 /opt/devkitpro/libnds/lib/libnds9.a(background.o)
                0x00000000020118b8                bgUpdate
 .text.bgInit_call
                0x00000000020119ac       0xc4 /opt/devkitpro/libnds/lib/libnds9.a(background.o)
                0x00000000020119ac                bgInit_call
 .text.bgInitSub_call
                0x0000000002011a70       0xcc /opt/devkitpro/libnds/lib/libnds9.a(background.o)
                0x0000000002011a70                bgInitSub_call
 .text.oamAllocReset
                0x0000000002011b3c       0x1c /opt/devkitpro/libnds/lib/libnds9.a(sprite_alloc.o)
                0x0000000002011b3c                oamAllocReset
 .text.systemValueHandler
                0x0000000002011b58       0x48 /opt/devkitpro/libnds/lib/libnds9.a(system.o)
                0x0000000002011b58                systemValueHandler
 .text.systemMsgHandler
                0x0000000002011ba0       0x60 /opt/devkitpro/libnds/lib/libnds9.a(system.o)
                0x0000000002011ba0                systemMsgHandler
 .text.powerOn  0x0000000002011c00       0x2c /opt/devkitpro/libnds/lib/libnds9.a(system.o)
                0x0000000002011c00                powerOn
 .text.sinLutLookup
                0x0000000002011c2c       0x38 /opt/devkitpro/libnds/lib/libnds9.a(trig.o)
                0x0000000002011c2c                sinLutLookup
 .text.sinLerp  0x0000000002011c64       0x40 /opt/devkitpro/libnds/lib/libnds9.a(trig.o)
                0x0000000002011c64                sinLerp
 .text.cosLerp  0x0000000002011ca4       0x4c /opt/devkitpro/libnds/lib/libnds9.a(trig.o)
                0x0000000002011ca4                cosLerp
 .text.__muldi3
                0x0000000002011cf0       0x54 /opt/devkitpro/devkitARM/bin/../lib/gcc/arm-none-eabi/11.1.0/thumb/libgcc.a(_muldi3.o)
                0x0000000002011cf0                __aeabi_lmul
                0x0000000002011cf0                __muldi3
 .text.__udivmoddi4
                0x0000000002011d44      0x19c /opt/devkitpro/devkitARM/bin/../lib/gcc/arm-none-eabi/11.1.0/thumb/libgcc.a(_udivmoddi4.o)
                0x0000000002011d44                __udivmoddi4
 .text.calloc   0x0000000002011ee0       0x18 /opt/devkitpro/devkitARM/bin/../lib/gcc/arm-none-eabi/11.1.0/../../../../arm-none-eabi/lib/thumb/libg.a(lib_a-calloc.o)
                0x0000000002011ee0                calloc
 .text._calloc_r
                0x0000000002011ef8       0xb0 /opt/devkitpro/devkitARM/bin/../lib/gcc/arm-none-eabi/11.1.0/../../../../arm-none-eabi/lib/thumb/libg.a(lib_a-callocr.o)
                0x0000000002011ef8                _calloc_r
 .text.__errno  0x0000000002011fa8        0xc /opt/devkitpro/devkitARM/bin/../lib/gcc/arm-none-eabi/11.1.0/../../../../arm-none-eabi/lib/thumb/libg.a(lib_a-errno.o)
                0x0000000002011fa8                __errno
 .text._fclose_r
                0x0000000002011fb4       0xe8 /opt/devkitpro/devkitARM/bin/../lib/gcc/arm-none-eabi/11.1.0/../../../../arm-none-eabi/lib/thumb/libg.a(lib_a-fclose.o)
                0x0000000002011fb4                _fclose_r
 .text.fclose   0x000000000201209c       0x14 /opt/devkitpro/devkitARM/bin/../lib/gcc/arm-none-eabi/11.1.0/../../../../arm-none-eabi/lib/thumb/libg.a(lib_a-fclose.o)
                0x000000000201209c                fclose
 .text.__sflush_r
                0x00000000020120b0      0x1c0 /opt/devkitpro/devkitARM/bin/../lib/gcc/arm-none-eabi/11.1.0/../../../../arm-none-eabi/lib/thumb/libg.a(lib_a-fflush.o)
                0x00000000020120b0                __sflush_r
 .text._fflush_r
                0x0000000002012270       0x70 /opt/devkitpro/devkitARM/bin/../lib/gcc/arm-none-eabi/11.1.0/../../../../arm-none-eabi/lib/thumb/libg.a(lib_a-fflush.o)
                0x0000000002012270                _fflush_r
 .text.fflush   0x00000000020122e0       0x2c /opt/devkitpro/devkitARM/bin/../lib/gcc/arm-none-eabi/11.1.0/../../../../arm-none-eabi/lib/thumb/libg.a(lib_a-fflush.o)
                0x00000000020122e0                fflush
 .text._cleanup_r
                0x000000000201230c       0x14 /opt/devkitpro/devkitARM/bin/../lib/gcc/arm-none-eabi/11.1.0/../../../../arm-none-eabi/lib/thumb/libg.a(lib_a-findfp.o)
                0x000000000201230c                _cleanup_r
 .text.__sinit  0x0000000002012320      0x124 /opt/devkitpro/devkitARM/bin/../lib/gcc/arm-none-eabi/11.1.0/../../../../arm-none-eabi/lib/thumb/libg.a(lib_a-findfp.o)
                0x0000000002012320                __sinit
 .text.__sfp    0x0000000002012444       0xdc /opt/devkitpro/devkitARM/bin/../lib/gcc/arm-none-eabi/11.1.0/../../../../arm-none-eabi/lib/thumb/libg.a(lib_a-findfp.o)
                0x0000000002012444                __sfp
 .text.__sfp_lock_acquire
                0x0000000002012520       0x14 /opt/devkitpro/devkitARM/bin/../lib/gcc/arm-none-eabi/11.1.0/../../../../arm-none-eabi/lib/thumb/libg.a(lib_a-findfp.o)
                0x0000000002012520                __sfp_lock_acquire
 .text.__sfp_lock_release
                0x0000000002012534       0x14 /opt/devkitpro/devkitARM/bin/../lib/gcc/arm-none-eabi/11.1.0/../../../../arm-none-eabi/lib/thumb/libg.a(lib_a-findfp.o)
                0x0000000002012534                __sfp_lock_release
 .text._fopen_r
                0x0000000002012548       0xb8 /opt/devkitpro/devkitARM/bin/../lib/gcc/arm-none-eabi/11.1.0/../../../../arm-none-eabi/lib/thumb/libg.a(lib_a-fopen.o)
                0x0000000002012548                _fopen_r
 .text.fopen    0x0000000002012600       0x18 /opt/devkitpro/devkitARM/bin/../lib/gcc/arm-none-eabi/11.1.0/../../../../arm-none-eabi/lib/thumb/libg.a(lib_a-fopen.o)
                0x0000000002012600                fopen
 .text._fread_r
                0x0000000002012618      0x1f4 /opt/devkitpro/devkitARM/bin/../lib/gcc/arm-none-eabi/11.1.0/../../../../arm-none-eabi/lib/thumb/libg.a(lib_a-fread.o)
                0x0000000002012618                _fread_r
 .text.fread    0x000000000201280c       0x24 /opt/devkitpro/devkitARM/bin/../lib/gcc/arm-none-eabi/11.1.0/../../../../arm-none-eabi/lib/thumb/libg.a(lib_a-fread.o)
                0x000000000201280c                fread
 .text._malloc_trim_r
                0x0000000002012830       0xa0 /opt/devkitpro/devkitARM/bin/../lib/gcc/arm-none-eabi/11.1.0/../../../../arm-none-eabi/lib/thumb/libg.a(lib_a-freer.o)
                0x0000000002012830                _malloc_trim_r
 .text._free_r  0x00000000020128d0      0x1d8 /opt/devkitpro/devkitARM/bin/../lib/gcc/arm-none-eabi/11.1.0/../../../../arm-none-eabi/lib/thumb/libg.a(lib_a-freer.o)
                0x00000000020128d0                _free_r
 .text._fseek_r
                0x0000000002012aa8       0x18 /opt/devkitpro/devkitARM/bin/../lib/gcc/arm-none-eabi/11.1.0/../../../../arm-none-eabi/lib/thumb/libg.a(lib_a-fseek.o)
                0x0000000002012aa8                _fseek_r
 .text.fseek    0x0000000002012ac0       0x24 /opt/devkitpro/devkitARM/bin/../lib/gcc/arm-none-eabi/11.1.0/../../../../arm-none-eabi/lib/thumb/libg.a(lib_a-fseek.o)
                0x0000000002012ac0                fseek
 .text._fseeko_r
                0x0000000002012ae4      0x41c /opt/devkitpro/devkitARM/bin/../lib/gcc/arm-none-eabi/11.1.0/../../../../arm-none-eabi/lib/thumb/libg.a(lib_a-fseeko.o)
                0x0000000002012ae4                _fseeko_r
 .text.ftell    0x0000000002012f00       0x24 /opt/devkitpro/devkitARM/bin/../lib/gcc/arm-none-eabi/11.1.0/../../../../arm-none-eabi/lib/thumb/libg.a(lib_a-ftell.o)
                0x0000000002012f00                ftell
 .text._ftello_r
                0x0000000002012f24      0x11c /opt/devkitpro/devkitARM/bin/../lib/gcc/arm-none-eabi/11.1.0/../../../../arm-none-eabi/lib/thumb/libg.a(lib_a-ftello.o)
                0x0000000002012f24                _ftello_r
 .text._fwalk   0x0000000002013040       0x48 /opt/devkitpro/devkitARM/bin/../lib/gcc/arm-none-eabi/11.1.0/../../../../arm-none-eabi/lib/thumb/libg.a(lib_a-fwalk.o)
                0x0000000002013040                _fwalk
 .text._fwalk_reent
                0x0000000002013088       0x50 /opt/devkitpro/devkitARM/bin/../lib/gcc/arm-none-eabi/11.1.0/../../../../arm-none-eabi/lib/thumb/libg.a(lib_a-fwalk.o)
                0x0000000002013088                _fwalk_reent
 .text.__libc_init_array
                0x00000000020130d8       0x50 /opt/devkitpro/devkitARM/bin/../lib/gcc/arm-none-eabi/11.1.0/../../../../arm-none-eabi/lib/thumb/libg.a(lib_a-init.o)
                0x00000000020130d8                __libc_init_array
 .text.iprintf  0x0000000002013128       0x24 /opt/devkitpro/devkitARM/bin/../lib/gcc/arm-none-eabi/11.1.0/../../../../arm-none-eabi/lib/thumb/libg.a(lib_a-iprintf.o)
                0x0000000002013128                iprintf
 .text.localtime_r
                0x000000000201314c      0x244 /opt/devkitpro/devkitARM/bin/../lib/gcc/arm-none-eabi/11.1.0/../../../../arm-none-eabi/lib/thumb/libg.a(lib_a-lcltime_r.o)
                0x000000000201314c                localtime_r
 .text.__locale_mb_cur_max
                0x0000000002013390       0x10 /opt/devkitpro/devkitARM/bin/../lib/gcc/arm-none-eabi/11.1.0/../../../../arm-none-eabi/lib/thumb/libg.a(lib_a-locale.o)
                0x0000000002013390                __locale_mb_cur_max
 .text.__smakebuf_r
                0x00000000020133a0       0xec /opt/devkitpro/devkitARM/bin/../lib/gcc/arm-none-eabi/11.1.0/../../../../arm-none-eabi/lib/thumb/libg.a(lib_a-makebuf.o)
                0x00000000020133a0                __smakebuf_r
 .text.__swhatbuf_r
                0x000000000201348c       0x5c /opt/devkitpro/devkitARM/bin/../lib/gcc/arm-none-eabi/11.1.0/../../../../arm-none-eabi/lib/thumb/libg.a(lib_a-makebuf.o)
                0x000000000201348c                __swhatbuf_r
 .text.malloc   0x00000000020134e8       0x14 /opt/devkitpro/devkitARM/bin/../lib/gcc/arm-none-eabi/11.1.0/../../../../arm-none-eabi/lib/thumb/libg.a(lib_a-malloc.o)
                0x00000000020134e8                malloc
 .text.free     0x00000000020134fc       0x14 /opt/devkitpro/devkitARM/bin/../lib/gcc/arm-none-eabi/11.1.0/../../../../arm-none-eabi/lib/thumb/libg.a(lib_a-malloc.o)
                0x00000000020134fc                free
 .text._malloc_r
                0x0000000002013510      0x58c /opt/devkitpro/devkitARM/bin/../lib/gcc/arm-none-eabi/11.1.0/../../../../arm-none-eabi/lib/thumb/libg.a(lib_a-mallocr.o)
                0x0000000002013510                _malloc_r
 .text._mbrtowc_r
                0x0000000002013a9c       0x60 /opt/devkitpro/devkitARM/bin/../lib/gcc/arm-none-eabi/11.1.0/../../../../arm-none-eabi/lib/thumb/libg.a(lib_a-mbrtowc.o)
                0x0000000002013a9c                _mbrtowc_r
 .text.mbrtowc  0x0000000002013afc       0x7c /opt/devkitpro/devkitARM/bin/../lib/gcc/arm-none-eabi/11.1.0/../../../../arm-none-eabi/lib/thumb/libg.a(lib_a-mbrtowc.o)
                0x0000000002013afc                mbrtowc
 .text.mbsrtowcs
                0x0000000002013b78       0x28 /opt/devkitpro/devkitARM/bin/../lib/gcc/arm-none-eabi/11.1.0/../../../../arm-none-eabi/lib/thumb/libg.a(lib_a-mbsrtowcs.o)
                0x0000000002013b78                mbsrtowcs
 .text.__utf8_mbtowc
                0x0000000002013ba0      0x294 /opt/devkitpro/devkitARM/bin/../lib/gcc/arm-none-eabi/11.1.0/../../../../arm-none-eabi/lib/thumb/libg.a(lib_a-mbtowc_r.o)
                0x0000000002013ba0                __utf8_mbtowc
 .text.memcmp   0x0000000002013e34       0x4c /opt/devkitpro/devkitARM/bin/../lib/gcc/arm-none-eabi/11.1.0/../../../../arm-none-eabi/lib/thumb/libg.a(lib_a-memcmp.o)
                0x0000000002013e34                memcmp
 .text.memcpy   0x0000000002013e80       0xa8 /opt/devkitpro/devkitARM/bin/../lib/gcc/arm-none-eabi/11.1.0/../../../../arm-none-eabi/lib/thumb/libg.a(lib_a-memcpy-stub.o)
                0x0000000002013e80                memcpy
 .text.memmove  0x0000000002013f28       0xbc /opt/devkitpro/devkitARM/bin/../lib/gcc/arm-none-eabi/11.1.0/../../../../arm-none-eabi/lib/thumb/libg.a(lib_a-memmove.o)
                0x0000000002013f28                memmove
 .text.memset   0x0000000002013fe4       0xb0 /opt/devkitpro/devkitARM/bin/../lib/gcc/arm-none-eabi/11.1.0/../../../../arm-none-eabi/lib/thumb/libg.a(lib_a-memset.o)
                0x0000000002013fe4                memset
 .text.validate_structure
                0x0000000002014094      0x1dc /opt/devkitpro/devkitARM/bin/../lib/gcc/arm-none-eabi/11.1.0/../../../../arm-none-eabi/lib/thumb/libg.a(lib_a-mktime.o)
 .text.mktime   0x0000000002014270      0x450 /opt/devkitpro/devkitARM/bin/../lib/gcc/arm-none-eabi/11.1.0/../../../../arm-none-eabi/lib/thumb/libg.a(lib_a-mktime.o)
                0x0000000002014270                mktime
 .text.__malloc_lock
                0x00000000020146c0       0x14 /opt/devkitpro/devkitARM/bin/../lib/gcc/arm-none-eabi/11.1.0/../../../../arm-none-eabi/lib/thumb/libg.a(lib_a-mlock.o)
                0x00000000020146c0                __malloc_lock
 .text.__malloc_unlock
                0x00000000020146d4       0x14 /opt/devkitpro/devkitARM/bin/../lib/gcc/arm-none-eabi/11.1.0/../../../../arm-none-eabi/lib/thumb/libg.a(lib_a-mlock.o)
                0x00000000020146d4                __malloc_unlock
 .text.realloc  0x00000000020146e8       0x18 /opt/devkitpro/devkitARM/bin/../lib/gcc/arm-none-eabi/11.1.0/../../../../arm-none-eabi/lib/thumb/libg.a(lib_a-realloc.o)
                0x00000000020146e8                realloc
 .text._realloc_r
                0x0000000002014700      0x380 /opt/devkitpro/devkitARM/bin/../lib/gcc/arm-none-eabi/11.1.0/../../../../arm-none-eabi/lib/thumb/libg.a(lib_a-reallocr.o)
                0x0000000002014700                _realloc_r
 .text.lflush   0x0000000002014a80       0x20 /opt/devkitpro/devkitARM/bin/../lib/gcc/arm-none-eabi/11.1.0/../../../../arm-none-eabi/lib/thumb/libg.a(lib_a-refill.o)
 .text.__srefill_r
                0x0000000002014aa0      0x118 /opt/devkitpro/devkitARM/bin/../lib/gcc/arm-none-eabi/11.1.0/../../../../arm-none-eabi/lib/thumb/libg.a(lib_a-refill.o)
                0x0000000002014aa0                __srefill_r
 .text.rewind   0x0000000002014bb8       0x20 /opt/devkitpro/devkitARM/bin/../lib/gcc/arm-none-eabi/11.1.0/../../../../arm-none-eabi/lib/thumb/libg.a(lib_a-rewind.o)
                0x0000000002014bb8                rewind
 .text.setvbuf  0x0000000002014bd8      0x1ac /opt/devkitpro/devkitARM/bin/../lib/gcc/arm-none-eabi/11.1.0/../../../../arm-none-eabi/lib/thumb/libg.a(lib_a-setvbuf.o)
                0x0000000002014bd8                setvbuf
 .text.siscanf  0x0000000002014d84       0x4c /opt/devkitpro/devkitARM/bin/../lib/gcc/arm-none-eabi/11.1.0/../../../../arm-none-eabi/lib/thumb/libg.a(lib_a-siscanf.o)
                0x0000000002014d84                siscanf
 .text.sprintf  0x0000000002014dd0       0x40 /opt/devkitpro/devkitARM/bin/../lib/gcc/arm-none-eabi/11.1.0/../../../../arm-none-eabi/lib/thumb/libg.a(lib_a-sprintf.o)
                0x0000000002014dd0                sprintf
 .text.__sread  0x0000000002014e10       0x34 /opt/devkitpro/devkitARM/bin/../lib/gcc/arm-none-eabi/11.1.0/../../../../arm-none-eabi/lib/thumb/libg.a(lib_a-stdio.o)
                0x0000000002014e10                __sread
 .text.__seofread
                0x0000000002014e44        0x4 /opt/devkitpro/devkitARM/bin/../lib/gcc/arm-none-eabi/11.1.0/../../../../arm-none-eabi/lib/thumb/libg.a(lib_a-stdio.o)
                0x0000000002014e44                __seofread
 .text.__swrite
                0x0000000002014e48       0x4c /opt/devkitpro/devkitARM/bin/../lib/gcc/arm-none-eabi/11.1.0/../../../../arm-none-eabi/lib/thumb/libg.a(lib_a-stdio.o)
                0x0000000002014e48                __swrite
 .text.__sseek  0x0000000002014e94       0x40 /opt/devkitpro/devkitARM/bin/../lib/gcc/arm-none-eabi/11.1.0/../../../../arm-none-eabi/lib/thumb/libg.a(lib_a-stdio.o)
                0x0000000002014e94                __sseek
 .text.__sclose
                0x0000000002014ed4       0x10 /opt/devkitpro/devkitARM/bin/../lib/gcc/arm-none-eabi/11.1.0/../../../../arm-none-eabi/lib/thumb/libg.a(lib_a-stdio.o)
                0x0000000002014ed4                __sclose
 .text.stpcpy   0x0000000002014ee4       0x50 /opt/devkitpro/devkitARM/bin/../lib/gcc/arm-none-eabi/11.1.0/../../../../arm-none-eabi/lib/thumb/libg.a(lib_a-stpcpy.o)
                0x0000000002014ee4                stpcpy
 .text.strcasecmp
                0x0000000002014f34       0x48 /opt/devkitpro/devkitARM/bin/../lib/gcc/arm-none-eabi/11.1.0/../../../../arm-none-eabi/lib/thumb/libg.a(lib_a-strcasecmp.o)
                0x0000000002014f34                strcasecmp
 .text.strchr   0x0000000002014f7c       0xc8 /opt/devkitpro/devkitARM/bin/../lib/gcc/arm-none-eabi/11.1.0/../../../../arm-none-eabi/lib/thumb/libg.a(lib_a-strchr.o)
                0x0000000002014f7c                strchr
 .text.strcpy   0x0000000002015044       0x10 /opt/devkitpro/devkitARM/bin/../lib/gcc/arm-none-eabi/11.1.0/../../../../arm-none-eabi/lib/thumb/libg.a(lib_a-strcpy.o)
                0x0000000002015044                strcpy
 .text.strdup   0x0000000002015054       0x14 /opt/devkitpro/devkitARM/bin/../lib/gcc/arm-none-eabi/11.1.0/../../../../arm-none-eabi/lib/thumb/libg.a(lib_a-strdup.o)
                0x0000000002015054                strdup
 .text._strdup_r
                0x0000000002015068       0x2c /opt/devkitpro/devkitARM/bin/../lib/gcc/arm-none-eabi/11.1.0/../../../../arm-none-eabi/lib/thumb/libg.a(lib_a-strdup_r.o)
                0x0000000002015068                _strdup_r
 .text.strlen   0x0000000002015094       0x60 /opt/devkitpro/devkitARM/bin/../lib/gcc/arm-none-eabi/11.1.0/../../../../arm-none-eabi/lib/thumb/libg.a(lib_a-strlen-stub.o)
                0x0000000002015094                strlen
 .text.strncasecmp
                0x00000000020150f4       0x54 /opt/devkitpro/devkitARM/bin/../lib/gcc/arm-none-eabi/11.1.0/../../../../arm-none-eabi/lib/thumb/libg.a(lib_a-strncasecmp.o)
                0x00000000020150f4                strncasecmp
 .text.strncmp  0x0000000002015148       0x78 /opt/devkitpro/devkitARM/bin/../lib/gcc/arm-none-eabi/11.1.0/../../../../arm-none-eabi/lib/thumb/libg.a(lib_a-strncmp.o)
                0x0000000002015148                strncmp
 .text.strncpy  0x00000000020151c0       0x74 /opt/devkitpro/devkitARM/bin/../lib/gcc/arm-none-eabi/11.1.0/../../../../arm-none-eabi/lib/thumb/libg.a(lib_a-strncpy.o)
                0x00000000020151c0                strncpy
 .text.strnlen  0x0000000002015234       0x28 /opt/devkitpro/devkitARM/bin/../lib/gcc/arm-none-eabi/11.1.0/../../../../arm-none-eabi/lib/thumb/libg.a(lib_a-strnlen.o)
                0x0000000002015234                strnlen
 .text.strpbrk  0x000000000201525c       0x3c /opt/devkitpro/devkitARM/bin/../lib/gcc/arm-none-eabi/11.1.0/../../../../arm-none-eabi/lib/thumb/libg.a(lib_a-strpbrk.o)
                0x000000000201525c                strpbrk
 .text.strrchr  0x0000000002015298       0x2c /opt/devkitpro/devkitARM/bin/../lib/gcc/arm-none-eabi/11.1.0/../../../../arm-none-eabi/lib/thumb/libg.a(lib_a-strrchr.o)
                0x0000000002015298                strrchr
 .text._strtol_l.part.0
                0x00000000020152c4      0x144 /opt/devkitpro/devkitARM/bin/../lib/gcc/arm-none-eabi/11.1.0/../../../../arm-none-eabi/lib/thumb/libg.a(lib_a-strtol.o)
 .text._strtol_r
                0x0000000002015408       0x20 /opt/devkitpro/devkitARM/bin/../lib/gcc/arm-none-eabi/11.1.0/../../../../arm-none-eabi/lib/thumb/libg.a(lib_a-strtol.o)
                0x0000000002015408                _strtol_r
 .text.get_arg  0x0000000002015428       0x32 /opt/devkitpro/devkitARM/bin/../lib/gcc/arm-none-eabi/11.1.0/../../../../arm-none-eabi/lib/thumb/libg.a(lib_a-svfiscanf.o)
 .text._sungetc_r
                0x000000000201545a       0x7e /opt/devkitpro/devkitARM/bin/../lib/gcc/arm-none-eabi/11.1.0/../../../../arm-none-eabi/lib/thumb/libg.a(lib_a-svfiscanf.o)
                0x000000000201545a                _sungetc_r
 .text.__ssrefill_r
                0x00000000020154d8       0x42 /opt/devkitpro/devkitARM/bin/../lib/gcc/arm-none-eabi/11.1.0/../../../../arm-none-eabi/lib/thumb/libg.a(lib_a-svfiscanf.o)
                0x00000000020154d8                __ssrefill_r
 .text._sfread_r
                0x000000000201551a       0x88 /opt/devkitpro/devkitARM/bin/../lib/gcc/arm-none-eabi/11.1.0/../../../../arm-none-eabi/lib/thumb/libg.a(lib_a-svfiscanf.o)
                0x000000000201551a                _sfread_r
 *fill*         0x00000000020155a2        0x2 ff
 .text.__ssvfiscanf_r
                0x00000000020155a4     0x1a04 /opt/devkitpro/devkitARM/bin/../lib/gcc/arm-none-eabi/11.1.0/../../../../arm-none-eabi/lib/thumb/libg.a(lib_a-svfiscanf.o)
                0x00000000020155a4                __ssvfiscanf_r
 .text.get_arg  0x0000000002016fa8      0x400 /opt/devkitpro/devkitARM/bin/../lib/gcc/arm-none-eabi/11.1.0/../../../../arm-none-eabi/lib/thumb/libg.a(lib_a-svfprintf.o)
 .text._svfprintf_r
                0x00000000020173a8     0x22fc /opt/devkitpro/devkitARM/bin/../lib/gcc/arm-none-eabi/11.1.0/../../../../arm-none-eabi/lib/thumb/libg.a(lib_a-svfprintf.o)
                0x00000000020173a8                _svfprintf_r
 .text.lseek    0x00000000020196a4       0x24 /opt/devkitpro/devkitARM/bin/../lib/gcc/arm-none-eabi/11.1.0/../../../../arm-none-eabi/lib/thumb/libg.a(lib_a-syslseek.o)
                0x00000000020196a4                lseek
 .text.open     0x00000000020196c8       0x28 /opt/devkitpro/devkitARM/bin/../lib/gcc/arm-none-eabi/11.1.0/../../../../arm-none-eabi/lib/thumb/libg.a(lib_a-sysopen.o)
                0x00000000020196c8                open
 .text.read     0x00000000020196f0       0x1c /opt/devkitpro/devkitARM/bin/../lib/gcc/arm-none-eabi/11.1.0/../../../../arm-none-eabi/lib/thumb/libg.a(lib_a-sysread.o)
                0x00000000020196f0                read
 .text.time     0x000000000201970c       0x34 /opt/devkitpro/devkitARM/bin/../lib/gcc/arm-none-eabi/11.1.0/../../../../arm-none-eabi/lib/thumb/libg.a(lib_a-time.o)
                0x000000000201970c                time
 .text.towlower
                0x0000000002019740       0x10 /opt/devkitpro/devkitARM/bin/../lib/gcc/arm-none-eabi/11.1.0/../../../../arm-none-eabi/lib/thumb/libg.a(lib_a-towlower.o)
                0x0000000002019740                towlower
 .text.towupper
                0x0000000002019750       0x10 /opt/devkitpro/devkitARM/bin/../lib/gcc/arm-none-eabi/11.1.0/../../../../arm-none-eabi/lib/thumb/libg.a(lib_a-towupper.o)
                0x0000000002019750                towupper
 .text.__tzcalc_limits
                0x0000000002019760      0x1b4 /opt/devkitpro/devkitARM/bin/../lib/gcc/arm-none-eabi/11.1.0/../../../../arm-none-eabi/lib/thumb/libg.a(lib_a-tzcalc_limits.o)
                0x0000000002019760                __tzcalc_limits
 .text.__tz_lock
                0x0000000002019914       0x14 /opt/devkitpro/devkitARM/bin/../lib/gcc/arm-none-eabi/11.1.0/../../../../arm-none-eabi/lib/thumb/libg.a(lib_a-tzlock.o)
                0x0000000002019914                __tz_lock
 .text.__tz_unlock
                0x0000000002019928       0x14 /opt/devkitpro/devkitARM/bin/../lib/gcc/arm-none-eabi/11.1.0/../../../../arm-none-eabi/lib/thumb/libg.a(lib_a-tzlock.o)
                0x0000000002019928                __tz_unlock
 .text._tzset_unlocked
                0x000000000201993c       0x10 /opt/devkitpro/devkitARM/bin/../lib/gcc/arm-none-eabi/11.1.0/../../../../arm-none-eabi/lib/thumb/libg.a(lib_a-tzset.o)
                0x000000000201993c                _tzset_unlocked
 .text._tzset_unlocked_r
                0x000000000201994c      0x370 /opt/devkitpro/devkitARM/bin/../lib/gcc/arm-none-eabi/11.1.0/../../../../arm-none-eabi/lib/thumb/libg.a(lib_a-tzset_r.o)
                0x000000000201994c                _tzset_unlocked_r
 .text.__submore
                0x0000000002019cbc       0x88 /opt/devkitpro/devkitARM/bin/../lib/gcc/arm-none-eabi/11.1.0/../../../../arm-none-eabi/lib/thumb/libg.a(lib_a-ungetc.o)
                0x0000000002019cbc                __submore
 .text.get_arg  0x0000000002019d44      0x400 /opt/devkitpro/devkitARM/bin/../lib/gcc/arm-none-eabi/11.1.0/../../../../arm-none-eabi/lib/thumb/libg.a(lib_a-vfiprintf.o)
 .text.__sprint_r
                0x000000000201a144       0x24 /opt/devkitpro/devkitARM/bin/../lib/gcc/arm-none-eabi/11.1.0/../../../../arm-none-eabi/lib/thumb/libg.a(lib_a-vfiprintf.o)
                0x000000000201a144                __sprint_r
 .text._vfiprintf_r
                0x000000000201a168     0x1710 /opt/devkitpro/devkitARM/bin/../lib/gcc/arm-none-eabi/11.1.0/../../../../arm-none-eabi/lib/thumb/libg.a(lib_a-vfiprintf.o)
                0x000000000201a168                _vfiprintf_r
 .text.__sbprintf
                0x000000000201b878       0x8c /opt/devkitpro/devkitARM/bin/../lib/gcc/arm-none-eabi/11.1.0/../../../../arm-none-eabi/lib/thumb/libg.a(lib_a-vfiprintf.o)
 .text._wcrtomb_r
                0x000000000201b904       0x5c /opt/devkitpro/devkitARM/bin/../lib/gcc/arm-none-eabi/11.1.0/../../../../arm-none-eabi/lib/thumb/libg.a(lib_a-wcrtomb.o)
                0x000000000201b904                _wcrtomb_r
 .text.wcrtomb  0x000000000201b960       0x74 /opt/devkitpro/devkitARM/bin/../lib/gcc/arm-none-eabi/11.1.0/../../../../arm-none-eabi/lib/thumb/libg.a(lib_a-wcrtomb.o)
                0x000000000201b960                wcrtomb
 .text._wcsrtombs_r
                0x000000000201b9d4       0x1c /opt/devkitpro/devkitARM/bin/../lib/gcc/arm-none-eabi/11.1.0/../../../../arm-none-eabi/lib/thumb/libg.a(lib_a-wcsrtombs.o)
                0x000000000201b9d4                _wcsrtombs_r
 .text.wctob    0x000000000201b9f0       0x48 /opt/devkitpro/devkitARM/bin/../lib/gcc/arm-none-eabi/11.1.0/../../../../arm-none-eabi/lib/thumb/libg.a(lib_a-wctob.o)
                0x000000000201b9f0                wctob
 .text.__utf8_wctomb
                0x000000000201ba38       0xb4 /opt/devkitpro/devkitARM/bin/../lib/gcc/arm-none-eabi/11.1.0/../../../../arm-none-eabi/lib/thumb/libg.a(lib_a-wctomb_r.o)
                0x000000000201ba38                __utf8_wctomb
 .text.__swsetup_r
                0x000000000201baec       0xe4 /opt/devkitpro/devkitARM/bin/../lib/gcc/arm-none-eabi/11.1.0/../../../../arm-none-eabi/lib/thumb/libg.a(lib_a-wsetup.o)
                0x000000000201baec                __swsetup_r
 .text.div      0x000000000201bbd0       0x34 /opt/devkitpro/devkitARM/bin/../lib/gcc/arm-none-eabi/11.1.0/../../../../arm-none-eabi/lib/thumb/libg.a(lib_a-div.o)
                0x000000000201bbd0                div
 .text.quorem   0x000000000201bc04      0x148 /opt/devkitpro/devkitARM/bin/../lib/gcc/arm-none-eabi/11.1.0/../../../../arm-none-eabi/lib/thumb/libg.a(lib_a-dtoa.o)
 .text._dtoa_r  0x000000000201bd4c      0xfc4 /opt/devkitpro/devkitARM/bin/../lib/gcc/arm-none-eabi/11.1.0/../../../../arm-none-eabi/lib/thumb/libg.a(lib_a-dtoa.o)
                0x000000000201bd4c                _dtoa_r
 .text.__sflags
                0x000000000201cd10       0xa4 /opt/devkitpro/devkitARM/bin/../lib/gcc/arm-none-eabi/11.1.0/../../../../arm-none-eabi/lib/thumb/libg.a(lib_a-flags.o)
                0x000000000201cd10                __sflags
 .text.__sfvwrite_r
                0x000000000201cdb4      0x34c /opt/devkitpro/devkitARM/bin/../lib/gcc/arm-none-eabi/11.1.0/../../../../arm-none-eabi/lib/thumb/libg.a(lib_a-fvwrite.o)
                0x000000000201cdb4                __sfvwrite_r
 .text._findenv_r
                0x000000000201d100       0x94 /opt/devkitpro/devkitARM/bin/../lib/gcc/arm-none-eabi/11.1.0/../../../../arm-none-eabi/lib/thumb/libg.a(lib_a-getenv_r.o)
                0x000000000201d100                _findenv_r
 .text._getenv_r
                0x000000000201d194       0x10 /opt/devkitpro/devkitARM/bin/../lib/gcc/arm-none-eabi/11.1.0/../../../../arm-none-eabi/lib/thumb/libg.a(lib_a-getenv_r.o)
                0x000000000201d194                _getenv_r
 .text.__gettzinfo
                0x000000000201d1a4        0x8 /opt/devkitpro/devkitARM/bin/../lib/gcc/arm-none-eabi/11.1.0/../../../../arm-none-eabi/lib/thumb/libg.a(lib_a-gettzinfo.o)
                0x000000000201d1a4                __gettzinfo
 .text.gmtime_r
                0x000000000201d1ac      0x1c8 /opt/devkitpro/devkitARM/bin/../lib/gcc/arm-none-eabi/11.1.0/../../../../arm-none-eabi/lib/thumb/libg.a(lib_a-gmtime_r.o)
                0x000000000201d1ac                gmtime_r
 .text.iswspace
                0x000000000201d374       0x10 /opt/devkitpro/devkitARM/bin/../lib/gcc/arm-none-eabi/11.1.0/../../../../arm-none-eabi/lib/thumb/libg.a(lib_a-iswspace.o)
                0x000000000201d374                iswspace
 .text._localeconv_r
                0x000000000201d384        0x8 /opt/devkitpro/devkitARM/bin/../lib/gcc/arm-none-eabi/11.1.0/../../../../arm-none-eabi/lib/thumb/libg.a(lib_a-localeconv.o)
                0x000000000201d384                _localeconv_r
 .text._mbsnrtowcs_r
                0x000000000201d38c       0xbc /opt/devkitpro/devkitARM/bin/../lib/gcc/arm-none-eabi/11.1.0/../../../../arm-none-eabi/lib/thumb/libg.a(lib_a-mbsnrtowcs.o)
                0x000000000201d38c                _mbsnrtowcs_r
 .text.memchr   0x000000000201d448       0x78 /opt/devkitpro/devkitARM/bin/../lib/gcc/arm-none-eabi/11.1.0/../../../../arm-none-eabi/lib/thumb/libg.a(lib_a-memchr-stub.o)
                0x000000000201d448                memchr
 .text._Balloc  0x000000000201d4c0       0x54 /opt/devkitpro/devkitARM/bin/../lib/gcc/arm-none-eabi/11.1.0/../../../../arm-none-eabi/lib/thumb/libg.a(lib_a-mprec.o)
                0x000000000201d4c0                _Balloc
 .text._Bfree   0x000000000201d514       0x14 /opt/devkitpro/devkitARM/bin/../lib/gcc/arm-none-eabi/11.1.0/../../../../arm-none-eabi/lib/thumb/libg.a(lib_a-mprec.o)
                0x000000000201d514                _Bfree
 .text.__multadd
                0x000000000201d528       0xac /opt/devkitpro/devkitARM/bin/../lib/gcc/arm-none-eabi/11.1.0/../../../../arm-none-eabi/lib/thumb/libg.a(lib_a-mprec.o)
                0x000000000201d528                __multadd
 .text.__hi0bits
                0x000000000201d5d4       0x38 /opt/devkitpro/devkitARM/bin/../lib/gcc/arm-none-eabi/11.1.0/../../../../arm-none-eabi/lib/thumb/libg.a(lib_a-mprec.o)
                0x000000000201d5d4                __hi0bits
 .text.__lo0bits
                0x000000000201d60c       0x5c /opt/devkitpro/devkitARM/bin/../lib/gcc/arm-none-eabi/11.1.0/../../../../arm-none-eabi/lib/thumb/libg.a(lib_a-mprec.o)
                0x000000000201d60c                __lo0bits
 .text.__i2b    0x000000000201d668       0x64 /opt/devkitpro/devkitARM/bin/../lib/gcc/arm-none-eabi/11.1.0/../../../../arm-none-eabi/lib/thumb/libg.a(lib_a-mprec.o)
                0x000000000201d668                __i2b
 .text.__multiply
                0x000000000201d6cc      0x1a8 /opt/devkitpro/devkitARM/bin/../lib/gcc/arm-none-eabi/11.1.0/../../../../arm-none-eabi/lib/thumb/libg.a(lib_a-mprec.o)
                0x000000000201d6cc                __multiply
 .text.__pow5mult
                0x000000000201d874       0xd8 /opt/devkitpro/devkitARM/bin/../lib/gcc/arm-none-eabi/11.1.0/../../../../arm-none-eabi/lib/thumb/libg.a(lib_a-mprec.o)
                0x000000000201d874                __pow5mult
 .text.__lshift
                0x000000000201d94c      0x104 /opt/devkitpro/devkitARM/bin/../lib/gcc/arm-none-eabi/11.1.0/../../../../arm-none-eabi/lib/thumb/libg.a(lib_a-mprec.o)
                0x000000000201d94c                __lshift
 .text.__mcmp   0x000000000201da50       0x38 /opt/devkitpro/devkitARM/bin/../lib/gcc/arm-none-eabi/11.1.0/../../../../arm-none-eabi/lib/thumb/libg.a(lib_a-mprec.o)
                0x000000000201da50                __mcmp
 .text.__mdiff  0x000000000201da88      0x198 /opt/devkitpro/devkitARM/bin/../lib/gcc/arm-none-eabi/11.1.0/../../../../arm-none-eabi/lib/thumb/libg.a(lib_a-mprec.o)
                0x000000000201da88                __mdiff
 .text.__d2b    0x000000000201dc20       0xd0 /opt/devkitpro/devkitARM/bin/../lib/gcc/arm-none-eabi/11.1.0/../../../../arm-none-eabi/lib/thumb/libg.a(lib_a-mprec.o)
                0x000000000201dc20                __d2b
 .text.__sccl   0x000000000201dcf0       0x90 /opt/devkitpro/devkitARM/bin/../lib/gcc/arm-none-eabi/11.1.0/../../../../arm-none-eabi/lib/thumb/libg.a(lib_a-sccl.o)
                0x000000000201dcf0                __sccl
 .text.frexp    0x000000000201dd80       0x68 /opt/devkitpro/devkitARM/bin/../lib/gcc/arm-none-eabi/11.1.0/../../../../arm-none-eabi/lib/thumb/libg.a(lib_a-s_frexp.o)
                0x000000000201dd80                frexp
 .text._strtoll_l.constprop.0
                0x000000000201dde8      0x1a4 /opt/devkitpro/devkitARM/bin/../lib/gcc/arm-none-eabi/11.1.0/../../../../arm-none-eabi/lib/thumb/libg.a(lib_a-strtoll.o)
 .text._strtoll_r
                0x000000000201df8c        0xc /opt/devkitpro/devkitARM/bin/../lib/gcc/arm-none-eabi/11.1.0/../../../../arm-none-eabi/lib/thumb/libg.a(lib_a-strtoll.o)
                0x000000000201df8c                _strtoll_r
 .text._strtoull_l.constprop.0
                0x000000000201df98      0x1c0 /opt/devkitpro/devkitARM/bin/../lib/gcc/arm-none-eabi/11.1.0/../../../../arm-none-eabi/lib/thumb/libg.a(lib_a-strtoull.o)
 .text._strtoull_r
                0x000000000201e158        0xc /opt/devkitpro/devkitARM/bin/../lib/gcc/arm-none-eabi/11.1.0/../../../../arm-none-eabi/lib/thumb/libg.a(lib_a-strtoull.o)
                0x000000000201e158                _strtoull_r
 .text._strtoul_l.constprop.0
                0x000000000201e164      0x148 /opt/devkitpro/devkitARM/bin/../lib/gcc/arm-none-eabi/11.1.0/../../../../arm-none-eabi/lib/thumb/libg.a(lib_a-strtoul.o)
 .text._strtoul_r
                0x000000000201e2ac        0xc /opt/devkitpro/devkitARM/bin/../lib/gcc/arm-none-eabi/11.1.0/../../../../arm-none-eabi/lib/thumb/libg.a(lib_a-strtoul.o)
                0x000000000201e2ac                _strtoul_r
 .text.strtoul  0x000000000201e2b8       0x1c /opt/devkitpro/devkitARM/bin/../lib/gcc/arm-none-eabi/11.1.0/../../../../arm-none-eabi/lib/thumb/libg.a(lib_a-strtoul.o)
                0x000000000201e2b8                strtoul
 .text.__ssprint_r
                0x000000000201e2d4      0x124 /opt/devkitpro/devkitARM/bin/../lib/gcc/arm-none-eabi/11.1.0/../../../../arm-none-eabi/lib/thumb/libg.a(lib_a-svfiprintf.o)
                0x000000000201e2d4                __ssprint_r
 .text.towctrans
                0x000000000201e3f8       0x28 /opt/devkitpro/devkitARM/bin/../lib/gcc/arm-none-eabi/11.1.0/../../../../arm-none-eabi/lib/thumb/libg.a(lib_a-towctrans.o)
                0x000000000201e3f8                towctrans
 .text._wcsnrtombs_l
                0x000000000201e420      0x110 /opt/devkitpro/devkitARM/bin/../lib/gcc/arm-none-eabi/11.1.0/../../../../arm-none-eabi/lib/thumb/libg.a(lib_a-wcsnrtombs.o)
                0x000000000201e420                _wcsnrtombs_l
 .text._wcsnrtombs_r
                0x000000000201e530       0x30 /opt/devkitpro/devkitARM/bin/../lib/gcc/arm-none-eabi/11.1.0/../../../../arm-none-eabi/lib/thumb/libg.a(lib_a-wcsnrtombs.o)
                0x000000000201e530                _wcsnrtombs_r
 .text.__assert_func
                0x000000000201e560       0x40 /opt/devkitpro/devkitARM/bin/../lib/gcc/arm-none-eabi/11.1.0/../../../../arm-none-eabi/lib/thumb/libg.a(lib_a-assert.o)
                0x000000000201e560                __assert_func
 .text.__env_lock
                0x000000000201e5a0       0x14 /opt/devkitpro/devkitARM/bin/../lib/gcc/arm-none-eabi/11.1.0/../../../../arm-none-eabi/lib/thumb/libg.a(lib_a-envlock.o)
                0x000000000201e5a0                __env_lock
 .text.__env_unlock
                0x000000000201e5b4       0x14 /opt/devkitpro/devkitARM/bin/../lib/gcc/arm-none-eabi/11.1.0/../../../../arm-none-eabi/lib/thumb/libg.a(lib_a-envlock.o)
                0x000000000201e5b4                __env_unlock
 .text.fiprintf
                0x000000000201e5c8       0x28 /opt/devkitpro/devkitARM/bin/../lib/gcc/arm-none-eabi/11.1.0/../../../../arm-none-eabi/lib/thumb/libg.a(lib_a-fiprintf.o)
                0x000000000201e5c8                fiprintf
 .text.iswspace_l
                0x000000000201e5f0       0x2c /opt/devkitpro/devkitARM/bin/../lib/gcc/arm-none-eabi/11.1.0/../../../../arm-none-eabi/lib/thumb/libg.a(lib_a-iswspace_l.o)
                0x000000000201e5f0                iswspace_l
 .text.__jp2uc  0x000000000201e61c      0x154 /opt/devkitpro/devkitARM/bin/../lib/gcc/arm-none-eabi/11.1.0/../../../../arm-none-eabi/lib/thumb/libg.a(lib_a-jp2uc.o)
 .text._jp2uc_l
                0x000000000201e770       0x6c /opt/devkitpro/devkitARM/bin/../lib/gcc/arm-none-eabi/11.1.0/../../../../arm-none-eabi/lib/thumb/libg.a(lib_a-jp2uc.o)
                0x000000000201e770                _jp2uc_l
 .text._uc2jp_l
                0x000000000201e7dc       0x4c /opt/devkitpro/devkitARM/bin/../lib/gcc/arm-none-eabi/11.1.0/../../../../arm-none-eabi/lib/thumb/libg.a(lib_a-jp2uc.o)
                0x000000000201e7dc                _uc2jp_l
 .text.towctrans_l
                0x000000000201e828      0x1b4 /opt/devkitpro/devkitARM/bin/../lib/gcc/arm-none-eabi/11.1.0/../../../../arm-none-eabi/lib/thumb/libg.a(lib_a-towctrans_l.o)
                0x000000000201e828                towctrans_l
 .text.abort    0x000000000201e9dc       0x10 /opt/devkitpro/devkitARM/bin/../lib/gcc/arm-none-eabi/11.1.0/../../../../arm-none-eabi/lib/thumb/libg.a(lib_a-abort.o)
                0x000000000201e9dc                abort
 .text.category
                0x000000000201e9ec       0x54 /opt/devkitpro/devkitARM/bin/../lib/gcc/arm-none-eabi/11.1.0/../../../../arm-none-eabi/lib/thumb/libg.a(lib_a-categories.o)
                0x000000000201e9ec                category
 .text._raise_r
                0x000000000201ea40       0x64 /opt/devkitpro/devkitARM/bin/../lib/gcc/arm-none-eabi/11.1.0/../../../../arm-none-eabi/lib/thumb/libg.a(lib_a-signal.o)
                0x000000000201ea40                _raise_r
 .text.raise    0x000000000201eaa4       0x14 /opt/devkitpro/devkitARM/bin/../lib/gcc/arm-none-eabi/11.1.0/../../../../arm-none-eabi/lib/thumb/libg.a(lib_a-signal.o)
                0x000000000201eaa4                raise
 .text.null_write
                0x000000000201eab8        0x4 /opt/devkitpro/devkitARM/bin/../lib/gcc/arm-none-eabi/11.1.0/../../../../arm-none-eabi/lib/thumb/libsysbase.a(iosupport.o)
 .text.setDefaultDevice
                0x000000000201eabc       0x10 /opt/devkitpro/devkitARM/bin/../lib/gcc/arm-none-eabi/11.1.0/../../../../arm-none-eabi/lib/thumb/libsysbase.a(iosupport.o)
                0x000000000201eabc                setDefaultDevice
 .text.FindDevice
                0x000000000201eacc       0x98 /opt/devkitpro/devkitARM/bin/../lib/gcc/arm-none-eabi/11.1.0/../../../../arm-none-eabi/lib/thumb/libsysbase.a(iosupport.o)
                0x000000000201eacc                FindDevice
 .text.AddDevice
                0x000000000201eb64       0x78 /opt/devkitpro/devkitARM/bin/../lib/gcc/arm-none-eabi/11.1.0/../../../../arm-none-eabi/lib/thumb/libsysbase.a(iosupport.o)
                0x000000000201eb64                AddDevice
 .text.GetDeviceOpTab
                0x000000000201ebdc       0x20 /opt/devkitpro/devkitARM/bin/../lib/gcc/arm-none-eabi/11.1.0/../../../../arm-none-eabi/lib/thumb/libsysbase.a(iosupport.o)
                0x000000000201ebdc                GetDeviceOpTab
 .text._fstat_r
                0x000000000201ebfc       0x4c /opt/devkitpro/devkitARM/bin/../lib/gcc/arm-none-eabi/11.1.0/../../../../arm-none-eabi/lib/thumb/libsysbase.a(fstat.o)
                0x000000000201ebfc                _fstat_r
 .text._getpid_r
                0x000000000201ec48        0xc /opt/devkitpro/devkitARM/bin/../lib/gcc/arm-none-eabi/11.1.0/../../../../arm-none-eabi/lib/thumb/libsysbase.a(getpid.o)
                0x000000000201ec48                _getpid_r
 .text._gettimeofday_r
                0x000000000201ec54       0x28 /opt/devkitpro/devkitARM/bin/../lib/gcc/arm-none-eabi/11.1.0/../../../../arm-none-eabi/lib/thumb/libsysbase.a(gettod.o)
                0x000000000201ec54                _gettimeofday_r
 .text._isatty_r
                0x000000000201ec7c        0x4 /opt/devkitpro/devkitARM/bin/../lib/gcc/arm-none-eabi/11.1.0/../../../../arm-none-eabi/lib/thumb/libsysbase.a(isatty.o)
                0x000000000201ec7c                _isatty_r
 .text._kill_r  0x000000000201ec80        0xc /opt/devkitpro/devkitARM/bin/../lib/gcc/arm-none-eabi/11.1.0/../../../../arm-none-eabi/lib/thumb/libsysbase.a(kill.o)
                0x000000000201ec80                _kill_r
 .text._lseek_r
                0x000000000201ec8c       0x5c /opt/devkitpro/devkitARM/bin/../lib/gcc/arm-none-eabi/11.1.0/../../../../arm-none-eabi/lib/thumb/libsysbase.a(lseek.o)
                0x000000000201ec8c                _lseek_r
 .text._open_r  0x000000000201ece8       0x9c /opt/devkitpro/devkitARM/bin/../lib/gcc/arm-none-eabi/11.1.0/../../../../arm-none-eabi/lib/thumb/libsysbase.a(open.o)
                0x000000000201ece8                _open_r
 .text._read_r  0x000000000201ed84       0x50 /opt/devkitpro/devkitARM/bin/../lib/gcc/arm-none-eabi/11.1.0/../../../../arm-none-eabi/lib/thumb/libsysbase.a(read.o)
                0x000000000201ed84                _read_r
 .text._sbrk_r  0x000000000201edd4       0x54 /opt/devkitpro/devkitARM/bin/../lib/gcc/arm-none-eabi/11.1.0/../../../../arm-none-eabi/lib/thumb/libsysbase.a(sbrk.o)
                0x000000000201edd4                _sbrk_r
 .text._write_r
                0x000000000201ee28       0x50 /opt/devkitpro/devkitARM/bin/../lib/gcc/arm-none-eabi/11.1.0/../../../../arm-none-eabi/lib/thumb/libsysbase.a(write.o)
                0x000000000201ee28                _write_r
 .text._exit    0x000000000201ee78       0x18 /opt/devkitpro/devkitARM/bin/../lib/gcc/arm-none-eabi/11.1.0/../../../../arm-none-eabi/lib/thumb/libsysbase.a(_exit.o)
                0x000000000201ee78                _exit
 .text._concatenate_path
                0x000000000201ee90      0x128 /opt/devkitpro/devkitARM/bin/../lib/gcc/arm-none-eabi/11.1.0/../../../../arm-none-eabi/lib/thumb/libsysbase.a(chdir.o)
                0x000000000201ee90                _concatenate_path
 .text.chdir    0x000000000201efb8       0xf0 /opt/devkitpro/devkitARM/bin/../lib/gcc/arm-none-eabi/11.1.0/../../../../arm-none-eabi/lib/thumb/libsysbase.a(chdir.o)
                0x000000000201efb8                chdir
 .text.getcwd   0x000000000201f0a8       0x60 /opt/devkitpro/devkitARM/bin/../lib/gcc/arm-none-eabi/11.1.0/../../../../arm-none-eabi/lib/thumb/libsysbase.a(chdir.o)
                0x000000000201f0a8                getcwd
 .text.build_argv
                0x000000000201f108       0x4c /opt/devkitpro/devkitARM/bin/../lib/gcc/arm-none-eabi/11.1.0/../../../../arm-none-eabi/lib/thumb/libsysbase.a(build_argv.o)
                0x000000000201f108                build_argv
 .text.__flockfile
                0x000000000201f154       0x10 /opt/devkitpro/devkitARM/bin/../lib/gcc/arm-none-eabi/11.1.0/../../../../arm-none-eabi/lib/thumb/libsysbase.a(flock.o)
                0x000000000201f154                __flockfile
 .text.__funlockfile
                0x000000000201f164       0x10 /opt/devkitpro/devkitARM/bin/../lib/gcc/arm-none-eabi/11.1.0/../../../../arm-none-eabi/lib/thumb/libsysbase.a(flock.o)
                0x000000000201f164                __funlockfile
 .text.__libc_lock_acquire
                0x000000000201f174       0x1c /opt/devkitpro/devkitARM/bin/../lib/gcc/arm-none-eabi/11.1.0/../../../../arm-none-eabi/lib/thumb/libsysbase.a(syscall_support.o)
                0x000000000201f174                __libc_lock_acquire
 .text.__libc_lock_release
                0x000000000201f190       0x1c /opt/devkitpro/devkitARM/bin/../lib/gcc/arm-none-eabi/11.1.0/../../../../arm-none-eabi/lib/thumb/libsysbase.a(syscall_support.o)
                0x000000000201f190                __libc_lock_release
 .text.__libc_lock_init_recursive
                0x000000000201f1ac       0x1c /opt/devkitpro/devkitARM/bin/../lib/gcc/arm-none-eabi/11.1.0/../../../../arm-none-eabi/lib/thumb/libsysbase.a(syscall_support.o)
                0x000000000201f1ac                __libc_lock_init_recursive
 .text.__libc_lock_acquire_recursive
                0x000000000201f1c8       0x1c /opt/devkitpro/devkitARM/bin/../lib/gcc/arm-none-eabi/11.1.0/../../../../arm-none-eabi/lib/thumb/libsysbase.a(syscall_support.o)
                0x000000000201f1c8                __libc_lock_acquire_recursive
 .text.__libc_lock_release_recursive
                0x000000000201f1e4       0x1c /opt/devkitpro/devkitARM/bin/../lib/gcc/arm-none-eabi/11.1.0/../../../../arm-none-eabi/lib/thumb/libsysbase.a(syscall_support.o)
                0x000000000201f1e4                __libc_lock_release_recursive
 .text.__libc_lock_close_recursive
                0x000000000201f200       0x1c /opt/devkitpro/devkitARM/bin/../lib/gcc/arm-none-eabi/11.1.0/../../../../arm-none-eabi/lib/thumb/libsysbase.a(syscall_support.o)
                0x000000000201f200                __libc_lock_close_recursive
 .text.__release_handle
                0x000000000201f21c       0x68 /opt/devkitpro/devkitARM/bin/../lib/gcc/arm-none-eabi/11.1.0/../../../../arm-none-eabi/lib/thumb/libsysbase.a(handle_manager.o)
                0x000000000201f21c                __release_handle
 .text.__alloc_handle
                0x000000000201f284       0x80 /opt/devkitpro/devkitARM/bin/../lib/gcc/arm-none-eabi/11.1.0/../../../../arm-none-eabi/lib/thumb/libsysbase.a(handle_manager.o)
                0x000000000201f284                __alloc_handle
 .text.__get_handle
                0x000000000201f304       0x34 /opt/devkitpro/devkitARM/bin/../lib/gcc/arm-none-eabi/11.1.0/../../../../arm-none-eabi/lib/thumb/libsysbase.a(handle_manager.o)
                0x000000000201f304                __get_handle
 .text._close_r
                0x000000000201f338       0xb8 /opt/devkitpro/devkitARM/bin/../lib/gcc/arm-none-eabi/11.1.0/../../../../arm-none-eabi/lib/thumb/libsysbase.a(handle_manager.o)
                0x000000000201f338                _close_r
 .text.__getreent
                0x000000000201f3f0       0x28 /opt/devkitpro/devkitARM/bin/../lib/gcc/arm-none-eabi/11.1.0/../../../../arm-none-eabi/lib/thumb/libsysbase.a(getreent.o)
                0x000000000201f3f0                __getreent
 .text.__getreent.__stub
                0x000000000201f418      0x108 linker stubs
 *(EXCLUDE_FILE(*.twl*) .gnu.warning)
 *(EXCLUDE_FILE(*.twl*) .gnu.linkonce.t*)
 *(.glue_7)
 .glue_7        0x000000000201f530        0x0 linker stubs
 *(.glue_7t)
 .glue_7t       0x000000000201f530        0x0 linker stubs
                0x000000000201f530                . = ALIGN (0x4)

.vfp11_veneer   0x000000000201f530        0x0
 .vfp11_veneer  0x000000000201f530        0x0 linker stubs

.v4_bx          0x000000000201f530        0x0
 .v4_bx         0x000000000201f530        0x0 linker stubs

.iplt           0x000000000201f530        0x0
 .iplt          0x000000000201f530        0x0 /opt/devkitpro/devkitARM/bin/../lib/gcc/arm-none-eabi/11.1.0/../../../../arm-none-eabi/lib/thumb/ds_arm9_crt0.o

.fini           0x000000000201f530        0xc
 *(.fini)
 .fini          0x000000000201f530        0x4 /opt/devkitpro/devkitARM/bin/../lib/gcc/arm-none-eabi/11.1.0/thumb/crti.o
                0x000000000201f530                _fini
 .fini          0x000000000201f534        0x8 /opt/devkitpro/devkitARM/bin/../lib/gcc/arm-none-eabi/11.1.0/thumb/crtn.o
                0x000000000201f53c                __text_end = .

.rodata         0x000000000201f540     0x9d00
 *(EXCLUDE_FILE(*.twl*) .rodata)
 .rodata        0x000000000201f540       0x18 main.o
 .rodata        0x000000000201f558       0x50 /Users/ulysse/Desktop/kirikou/nflib/lib/libnflib.a(nf_basic.o)
 *all.rodata*(*)
 *(EXCLUDE_FILE(*.twl*) .roda)
 *(EXCLUDE_FILE(*.twl*) .rodata.*)
 .rodata.str1.4
                0x000000000201f5a8      0x384 main.o
 .rodata.str1.4
                0x000000000201f92c       0x27 /Users/ulysse/Desktop/kirikou/nflib/lib/libnflib.a(nf_2d.o)
                                         0x28 (size before relaxing)
 *fill*         0x000000000201f953        0x1 ff
 .rodata.str1.4
                0x000000000201f954      0x613 /Users/ulysse/Desktop/kirikou/nflib/lib/libnflib.a(nf_basic.o)
                                        0x628 (size before relaxing)
 *fill*         0x000000000201ff67        0x1 ff
 .rodata.str1.4
                0x000000000201ff68       0x2a /Users/ulysse/Desktop/kirikou/nflib/lib/libnflib.a(nf_colision.o)
                                         0x2c (size before relaxing)
 *fill*         0x000000000201ff92        0x2 ff
 .rodata.str1.4
                0x000000000201ff94       0x22 /Users/ulysse/Desktop/kirikou/nflib/lib/libnflib.a(nf_sound.o)
                                         0x28 (size before relaxing)
 *fill*         0x000000000201ffb6        0x2 ff
 .rodata.str1.4
                0x000000000201ffb8       0x6c /Users/ulysse/Desktop/kirikou/nflib/lib/libnflib.a(nf_sprite256.o)
                                         0x7c (size before relaxing)
 .rodata.str1.4
                0x0000000002020024       0x4c /Users/ulysse/Desktop/kirikou/nflib/lib/libnflib.a(nf_tiledbg.o)
                                         0x6c (size before relaxing)
 .rodata.nitroFSInit.str1.4
                0x0000000002020070        0x8 /opt/devkitpro/libnds/lib/libfilesystem.a(nitrofs.o)
 .rodata.str1.4
                0x0000000002020070        0xe /opt/devkitpro/libnds/lib/libfilesystem.a(nitrofs.o)
 *fill*         0x000000000202007e        0x2 ff
 .rodata.fatMount.part.0.str1.4
                0x0000000002020080        0x2 /opt/devkitpro/libnds/lib/libfat.a(libfat.o)
 *fill*         0x0000000002020082        0x2 ff
 .rodata.fatInit.str1.4
                0x0000000002020084        0x3 /opt/devkitpro/libnds/lib/libfat.a(libfat.o)
 *fill*         0x0000000002020087        0x1 ff
 .rodata.str1.4
                0x0000000002020088        0x4 /opt/devkitpro/libnds/lib/libfat.a(libfat.o)
 .rodata.dotab_fat
                0x000000000202008c       0x70 /opt/devkitpro/libnds/lib/libfat.a(libfat.o)
 .rodata.str1.4
                0x00000000020200fc        0x3 /opt/devkitpro/libnds/lib/libfat.a(disc.o)
                                          0x8 (size before relaxing)
 *fill*         0x00000000020200ff        0x1 ff
 .rodata._FAT_disc_interfaces
                0x0000000002020100       0x18 /opt/devkitpro/libnds/lib/libfat.a(disc.o)
                0x0000000002020100                _FAT_disc_interfaces
 .rodata._FAT_directory_entryFromPath.str1.4
                0x0000000002020118        0x7 /opt/devkitpro/libnds/lib/libfat.a(directory.o)
 .rodata.ILLEGAL_ALIAS_CHARACTERS
                0x0000000002020118       0x12 /opt/devkitpro/libnds/lib/libfat.a(directory.o)
 *fill*         0x000000000202012a        0x2 ff
 .rodata.ILLEGAL_LFN_CHARACTERS
                0x000000000202012c        0xa /opt/devkitpro/libnds/lib/libfat.a(directory.o)
 *fill*         0x0000000002020136        0x2 ff
 .rodata.LFN_offset_table
                0x0000000002020138       0x34 /opt/devkitpro/libnds/lib/libfat.a(directory.o)
 .rodata.FAT_SIG
                0x000000000202016c        0x3 /opt/devkitpro/libnds/lib/libfat.a(partition.o)
 *fill*         0x000000000202016f        0x1 ff
 .rodata.FS_TWL_SIG
                0x0000000002020170        0x8 /opt/devkitpro/libnds/lib/libfat.a(partition.o)
 .rodata.con_write.str1.4
                0x0000000002020178       0x30 /opt/devkitpro/libnds/lib/libnds9.a(console.o)
 .rodata.con_write
                0x00000000020201a8       0xd4 /opt/devkitpro/libnds/lib/libnds9.a(console.o)
 .rodata.consoleClear.str1.4
                0x000000000202027c        0x5 /opt/devkitpro/libnds/lib/libnds9.a(console.o)
 *fill*         0x0000000002020281        0x3 ff
 .rodata.str1.4
                0x0000000002020284       0x14 /opt/devkitpro/libnds/lib/libnds9.a(console.o)
 .rodata.dotab_stdout
                0x0000000002020298       0x70 /opt/devkitpro/libnds/lib/libnds9.a(console.o)
 *fill*         0x0000000002020308       0x18 ff
 .rodata.default_font_bin
                0x0000000002020320     0x2000 /opt/devkitpro/libnds/lib/libnds9.a(default_font.bin.o)
                0x0000000002020320                default_font_bin
                0x0000000002022320                default_font_bin_end
 .rodata.SIN_LUT
                0x0000000002022320      0x102 /opt/devkitpro/libnds/lib/libnds9.a(trig.o)
                0x0000000002022320                SIN_LUT
 *fill*         0x0000000002022422        0x2 ff
 .rodata._ctype_
                0x0000000002022424      0x101 /opt/devkitpro/devkitARM/bin/../lib/gcc/arm-none-eabi/11.1.0/../../../../arm-none-eabi/lib/thumb/libg.a(lib_a-ctype_.o)
                0x0000000002022424                _ctype_
 *fill*         0x0000000002022525        0x3 ff
 .rodata._global_impure_ptr
                0x0000000002022528        0x4 /opt/devkitpro/devkitARM/bin/../lib/gcc/arm-none-eabi/11.1.0/../../../../arm-none-eabi/lib/thumb/libg.a(lib_a-impure.o)
                0x0000000002022528                _global_impure_ptr
 .rodata.str1.4
                0x000000000202252c       0x44 /opt/devkitpro/devkitARM/bin/../lib/gcc/arm-none-eabi/11.1.0/../../../../arm-none-eabi/lib/thumb/libg.a(lib_a-locale.o)
                                         0x4c (size before relaxing)
 .rodata._mbrtowc_r.str1.4
                0x0000000002022570        0x1 /opt/devkitpro/devkitARM/bin/../lib/gcc/arm-none-eabi/11.1.0/../../../../arm-none-eabi/lib/thumb/libg.a(lib_a-mbrtowc.o)
 .rodata.DAYS_IN_MONTH
                0x0000000002022570       0x30 /opt/devkitpro/devkitARM/bin/../lib/gcc/arm-none-eabi/11.1.0/../../../../arm-none-eabi/lib/thumb/libg.a(lib_a-mktime.o)
 .rodata._DAYS_BEFORE_MONTH
                0x00000000020225a0       0x30 /opt/devkitpro/devkitARM/bin/../lib/gcc/arm-none-eabi/11.1.0/../../../../arm-none-eabi/lib/thumb/libg.a(lib_a-mktime.o)
 .rodata.__month_lengths
                0x00000000020225d0       0x60 /opt/devkitpro/devkitARM/bin/../lib/gcc/arm-none-eabi/11.1.0/../../../../arm-none-eabi/lib/thumb/libg.a(lib_a-month_lengths.o)
                0x00000000020225d0                __month_lengths
 .rodata.basefix.0
                0x0000000002022630       0x22 /opt/devkitpro/devkitARM/bin/../lib/gcc/arm-none-eabi/11.1.0/../../../../arm-none-eabi/lib/thumb/libg.a(lib_a-svfiscanf.o)
 .rodata._svfprintf_r.str1.1
                0x0000000002022652       0x3b /opt/devkitpro/devkitARM/bin/../lib/gcc/arm-none-eabi/11.1.0/../../../../arm-none-eabi/lib/thumb/libg.a(lib_a-svfprintf.o)
 *fill*         0x000000000202268d        0x3 ff
 .rodata.blanks.1
                0x0000000002022690       0x10 /opt/devkitpro/devkitARM/bin/../lib/gcc/arm-none-eabi/11.1.0/../../../../arm-none-eabi/lib/thumb/libg.a(lib_a-svfprintf.o)
 .rodata.zeroes.0
                0x00000000020226a0       0x10 /opt/devkitpro/devkitARM/bin/../lib/gcc/arm-none-eabi/11.1.0/../../../../arm-none-eabi/lib/thumb/libg.a(lib_a-svfprintf.o)
 .rodata._tzset_unlocked_r.str1.4